13.03.2026 00:00:03 — Kunlik AI reset boshlandi...

── AI limitlarni yangilash ──────────────────────────
AI limit yangilashda xatolik: SQLSTATE[HY000] [2002] Connection refused (Connection: mysql, SQL: select count(*) as aggregate from `users` where `ai_limit` < 25)

── Chat xabarlarini tozalash ────────────────────────
O'chirish chegarasi: 11.02.2026 dan oldingi xabarlar
Chat tozalashda xatolik: SQLSTATE[HY000] [2002] Connection refused (Connection: mysql, SQL: select * from `chat_messages` where `created_at` < 2026-02-11 00:00:03 order by `id` asc limit 500)

✅ Jarayon muvaffaqiyatli tugadi.
14.03.2026 00:05:02 — Kunlik AI reset boshlandi...

── AI limitlarni yangilash ──────────────────────────
Yangilanadigan userlar soni: 39
  → 39 ta user yangilandi...
✓ Jami 39 ta user ai_limit = 25 ga yangilandi.

── Chat xabarlarini tozalash ────────────────────────
O'chirish chegarasi: 12.02.2026 dan oldingi xabarlar
✓ Jami 0 ta ChatMessage o'chirildi.
✓ Jami 0 ta ChatMessageItem o'chirildi.

✅ Jarayon muvaffaqiyatli tugadi.
15.03.2026 00:05:02 — Kunlik AI reset boshlandi...

── AI limitlarni yangilash ──────────────────────────
Yangilanadigan user topilmadi (hammasi allaqachon 25 da).

── Chat xabarlarini tozalash ────────────────────────
O'chirish chegarasi: 13.02.2026 dan oldingi xabarlar
✓ ChatMessage o'chirildi.
Chat tozalashda xatolik: Undefined variable $totalMessages

✅ Jarayon muvaffaqiyatli tugadi.
16.03.2026 00:05:02 — Kunlik AI reset boshlandi...

── AI limitlarni yangilash ──────────────────────────
Yangilanadigan userlar soni: 2
  → 2 ta user yangilandi...
✓ Jami 2 ta user ai_limit = 25 ga yangilandi.

── Chat xabarlarini tozalash ────────────────────────
O'chirish chegarasi: 14.02.2026 dan oldingi xabarlar
✓ ChatMessage o'chirildi.
Chat tozalashda xatolik: Undefined variable $totalMessages

✅ Jarayon muvaffaqiyatli tugadi.
