09.03.2026 19:55:02 — To'lanmagan buyurtmalarni bekor qilish boshlandi...
Bekor qilinadigan buyurtma topilmadi.
09.03.2026 20:00:04 — To'lanmagan buyurtmalarni bekor qilish boshlandi...
Bekor qilinadigan buyurtma topilmadi.
09.03.2026 20:05:02 — To'lanmagan buyurtmalarni bekor qilish boshlandi...
Bekor qilinadigan buyurtma topilmadi.
09.03.2026 20:10:03 — To'lanmagan buyurtmalarni bekor qilish boshlandi...
Bekor qilinadigan buyurtma topilmadi.
09.03.2026 20:15:02 — To'lanmagan buyurtmalarni bekor qilish boshlandi...
Bekor qilinadigan buyurtma topilmadi.
09.03.2026 20:20:03 — To'lanmagan buyurtmalarni bekor qilish boshlandi...
Bekor qilinadigan buyurtma topilmadi.
09.03.2026 20:25:02 — To'lanmagan buyurtmalarni bekor qilish boshlandi...
Bekor qilinadigan buyurtma topilmadi.
09.03.2026 20:30:04 — To'lanmagan buyurtmalarni bekor qilish boshlandi...
Bekor qilinadigan buyurtma topilmadi.
09.03.2026 20:35:03 — To'lanmagan buyurtmalarni bekor qilish boshlandi...
Bekor qilinadigan buyurtma topilmadi.
09.03.2026 20:40:03 — To'lanmagan buyurtmalarni bekor qilish boshlandi...
Bekor qilinadigan buyurtma topilmadi.
09.03.2026 20:45:02 — To'lanmagan buyurtmalarni bekor qilish boshlandi...

   Illuminate\Database\QueryException 

  SQLSTATE[HY000] [2002] Connection refused (Connection: mysql, SQL: select * from `solds` where `paymentStatus` = 1 and `status` = A and `created_at` < 2026-03-09 19:45:02)

  at vendor/laravel/framework/src/Illuminate/Database/Connection.php:825
    821▕                     $this->getName(), $query, $this->prepareBindings($bindings), $e
    822▕                 );
    823▕             }
    824▕ 
  ➜ 825▕             throw new QueryException(
    826▕                 $this->getName(), $query, $this->prepareBindings($bindings), $e
    827▕             );
    828▕         }
    829▕     }

      [2m+22 vendor frames [22m

  23  app/Console/Commands/CancelUnpaidOrders.php:59
      Illuminate\Database\Eloquent\Builder::get()
      [2m+13 vendor frames [22m

  37  artisan:13
      Illuminate\Foundation\Application::handleCommand()

09.03.2026 20:50:03 — To'lanmagan buyurtmalarni bekor qilish boshlandi...
Topilgan buyurtmalar soni: 1
Buyurtma #55 bekor qilindi.
Jarayon tugadi.
09.03.2026 20:55:02 — To'lanmagan buyurtmalarni bekor qilish boshlandi...
Bekor qilinadigan buyurtma topilmadi.
09.03.2026 21:00:03 — To'lanmagan buyurtmalarni bekor qilish boshlandi...
Bekor qilinadigan buyurtma topilmadi.
09.03.2026 21:05:02 — To'lanmagan buyurtmalarni bekor qilish boshlandi...
Bekor qilinadigan buyurtma topilmadi.
09.03.2026 21:10:02 — To'lanmagan buyurtmalarni bekor qilish boshlandi...
Bekor qilinadigan buyurtma topilmadi.
09.03.2026 21:15:02 — To'lanmagan buyurtmalarni bekor qilish boshlandi...
Bekor qilinadigan buyurtma topilmadi.
09.03.2026 21:20:03 — To'lanmagan buyurtmalarni bekor qilish boshlandi...
Bekor qilinadigan buyurtma topilmadi.
09.03.2026 21:25:01 — To'lanmagan buyurtmalarni bekor qilish boshlandi...
Bekor qilinadigan buyurtma topilmadi.
09.03.2026 21:30:03 — To'lanmagan buyurtmalarni bekor qilish boshlandi...
Bekor qilinadigan buyurtma topilmadi.
09.03.2026 21:35:01 — To'lanmagan buyurtmalarni bekor qilish boshlandi...
Bekor qilinadigan buyurtma topilmadi.
09.03.2026 21:40:03 — To'lanmagan buyurtmalarni bekor qilish boshlandi...
Bekor qilinadigan buyurtma topilmadi.
09.03.2026 21:45:02 — To'lanmagan buyurtmalarni bekor qilish boshlandi...

   Illuminate\Database\QueryException 

  SQLSTATE[HY000] [2002] Connection refused (Connection: mysql, SQL: select * from `solds` where `paymentStatus` = 1 and `status` = A and `created_at` < 2026-03-09 20:45:02)

  at vendor/laravel/framework/src/Illuminate/Database/Connection.php:825
    821▕                     $this->getName(), $query, $this->prepareBindings($bindings), $e
    822▕                 );
    823▕             }
    824▕ 
  ➜ 825▕             throw new QueryException(
    826▕                 $this->getName(), $query, $this->prepareBindings($bindings), $e
    827▕             );
    828▕         }
    829▕     }

      [2m+22 vendor frames [22m

  23  app/Console/Commands/CancelUnpaidOrders.php:59
      Illuminate\Database\Eloquent\Builder::get()
      [2m+13 vendor frames [22m

  37  artisan:13
      Illuminate\Foundation\Application::handleCommand()

09.03.2026 21:50:02 — To'lanmagan buyurtmalarni bekor qilish boshlandi...
Bekor qilinadigan buyurtma topilmadi.
09.03.2026 21:55:02 — To'lanmagan buyurtmalarni bekor qilish boshlandi...
Bekor qilinadigan buyurtma topilmadi.
09.03.2026 22:00:02 — To'lanmagan buyurtmalarni bekor qilish boshlandi...
Bekor qilinadigan buyurtma topilmadi.
09.03.2026 22:05:02 — To'lanmagan buyurtmalarni bekor qilish boshlandi...
Bekor qilinadigan buyurtma topilmadi.
09.03.2026 22:10:03 — To'lanmagan buyurtmalarni bekor qilish boshlandi...
Bekor qilinadigan buyurtma topilmadi.
09.03.2026 22:15:02 — To'lanmagan buyurtmalarni bekor qilish boshlandi...
Bekor qilinadigan buyurtma topilmadi.
09.03.2026 22:20:03 — To'lanmagan buyurtmalarni bekor qilish boshlandi...
Bekor qilinadigan buyurtma topilmadi.
09.03.2026 22:25:02 — To'lanmagan buyurtmalarni bekor qilish boshlandi...
Bekor qilinadigan buyurtma topilmadi.
09.03.2026 22:30:03 — To'lanmagan buyurtmalarni bekor qilish boshlandi...
Bekor qilinadigan buyurtma topilmadi.
09.03.2026 22:35:02 — To'lanmagan buyurtmalarni bekor qilish boshlandi...
Bekor qilinadigan buyurtma topilmadi.
09.03.2026 22:40:03 — To'lanmagan buyurtmalarni bekor qilish boshlandi...
Bekor qilinadigan buyurtma topilmadi.
09.03.2026 22:45:02 — To'lanmagan buyurtmalarni bekor qilish boshlandi...

   Illuminate\Database\QueryException 

  SQLSTATE[HY000] [2002] Connection refused (Connection: mysql, SQL: select * from `solds` where `paymentStatus` = 1 and `status` = A and `created_at` < 2026-03-09 21:45:02)

  at vendor/laravel/framework/src/Illuminate/Database/Connection.php:825
    821▕                     $this->getName(), $query, $this->prepareBindings($bindings), $e
    822▕                 );
    823▕             }
    824▕ 
  ➜ 825▕             throw new QueryException(
    826▕                 $this->getName(), $query, $this->prepareBindings($bindings), $e
    827▕             );
    828▕         }
    829▕     }

      [2m+22 vendor frames [22m

  23  app/Console/Commands/CancelUnpaidOrders.php:59
      Illuminate\Database\Eloquent\Builder::get()
      [2m+13 vendor frames [22m

  37  artisan:13
      Illuminate\Foundation\Application::handleCommand()

09.03.2026 22:50:03 — To'lanmagan buyurtmalarni bekor qilish boshlandi...
Bekor qilinadigan buyurtma topilmadi.
09.03.2026 22:55:02 — To'lanmagan buyurtmalarni bekor qilish boshlandi...
Bekor qilinadigan buyurtma topilmadi.
09.03.2026 23:00:02 — To'lanmagan buyurtmalarni bekor qilish boshlandi...
Bekor qilinadigan buyurtma topilmadi.
09.03.2026 23:05:02 — To'lanmagan buyurtmalarni bekor qilish boshlandi...
Bekor qilinadigan buyurtma topilmadi.
09.03.2026 23:10:02 — To'lanmagan buyurtmalarni bekor qilish boshlandi...
Bekor qilinadigan buyurtma topilmadi.
09.03.2026 23:15:03 — To'lanmagan buyurtmalarni bekor qilish boshlandi...
Bekor qilinadigan buyurtma topilmadi.
09.03.2026 23:20:02 — To'lanmagan buyurtmalarni bekor qilish boshlandi...
Bekor qilinadigan buyurtma topilmadi.
09.03.2026 23:25:02 — To'lanmagan buyurtmalarni bekor qilish boshlandi...
Bekor qilinadigan buyurtma topilmadi.
09.03.2026 23:30:03 — To'lanmagan buyurtmalarni bekor qilish boshlandi...
Bekor qilinadigan buyurtma topilmadi.
09.03.2026 23:35:02 — To'lanmagan buyurtmalarni bekor qilish boshlandi...
Bekor qilinadigan buyurtma topilmadi.
09.03.2026 23:40:02 — To'lanmagan buyurtmalarni bekor qilish boshlandi...
Bekor qilinadigan buyurtma topilmadi.
09.03.2026 23:45:02 — To'lanmagan buyurtmalarni bekor qilish boshlandi...

   Illuminate\Database\QueryException 

  SQLSTATE[HY000] [2002] Connection refused (Connection: mysql, SQL: select * from `solds` where `paymentStatus` = 1 and `status` = A and `created_at` < 2026-03-09 22:45:02)

  at vendor/laravel/framework/src/Illuminate/Database/Connection.php:825
    821▕                     $this->getName(), $query, $this->prepareBindings($bindings), $e
    822▕                 );
    823▕             }
    824▕ 
  ➜ 825▕             throw new QueryException(
    826▕                 $this->getName(), $query, $this->prepareBindings($bindings), $e
    827▕             );
    828▕         }
    829▕     }

      [2m+22 vendor frames [22m

  23  app/Console/Commands/CancelUnpaidOrders.php:59
      Illuminate\Database\Eloquent\Builder::get()
      [2m+13 vendor frames [22m

  37  artisan:13
      Illuminate\Foundation\Application::handleCommand()

09.03.2026 23:50:02 — To'lanmagan buyurtmalarni bekor qilish boshlandi...
Bekor qilinadigan buyurtma topilmadi.
09.03.2026 23:55:02 — To'lanmagan buyurtmalarni bekor qilish boshlandi...
Bekor qilinadigan buyurtma topilmadi.
10.03.2026 00:00:03 — To'lanmagan buyurtmalarni bekor qilish boshlandi...
Bekor qilinadigan buyurtma topilmadi.
10.03.2026 00:05:01 — To'lanmagan buyurtmalarni bekor qilish boshlandi...
Bekor qilinadigan buyurtma topilmadi.
10.03.2026 00:10:02 — To'lanmagan buyurtmalarni bekor qilish boshlandi...
Bekor qilinadigan buyurtma topilmadi.
10.03.2026 00:15:02 — To'lanmagan buyurtmalarni bekor qilish boshlandi...
Bekor qilinadigan buyurtma topilmadi.
10.03.2026 00:20:02 — To'lanmagan buyurtmalarni bekor qilish boshlandi...
Bekor qilinadigan buyurtma topilmadi.
10.03.2026 00:25:02 — To'lanmagan buyurtmalarni bekor qilish boshlandi...
Bekor qilinadigan buyurtma topilmadi.
10.03.2026 00:30:02 — To'lanmagan buyurtmalarni bekor qilish boshlandi...
Bekor qilinadigan buyurtma topilmadi.
10.03.2026 00:35:02 — To'lanmagan buyurtmalarni bekor qilish boshlandi...
Bekor qilinadigan buyurtma topilmadi.
10.03.2026 00:40:03 — To'lanmagan buyurtmalarni bekor qilish boshlandi...
Bekor qilinadigan buyurtma topilmadi.
10.03.2026 00:45:02 — To'lanmagan buyurtmalarni bekor qilish boshlandi...

   Illuminate\Database\QueryException 

  SQLSTATE[HY000] [2002] Connection refused (Connection: mysql, SQL: select * from `solds` where `paymentStatus` = 1 and `status` = A and `created_at` < 2026-03-09 23:45:02)

  at vendor/laravel/framework/src/Illuminate/Database/Connection.php:825
    821▕                     $this->getName(), $query, $this->prepareBindings($bindings), $e
    822▕                 );
    823▕             }
    824▕ 
  ➜ 825▕             throw new QueryException(
    826▕                 $this->getName(), $query, $this->prepareBindings($bindings), $e
    827▕             );
    828▕         }
    829▕     }

      [2m+22 vendor frames [22m

  23  app/Console/Commands/CancelUnpaidOrders.php:59
      Illuminate\Database\Eloquent\Builder::get()
      [2m+13 vendor frames [22m

  37  artisan:13
      Illuminate\Foundation\Application::handleCommand()

10.03.2026 00:50:03 — To'lanmagan buyurtmalarni bekor qilish boshlandi...
Bekor qilinadigan buyurtma topilmadi.
10.03.2026 00:55:02 — To'lanmagan buyurtmalarni bekor qilish boshlandi...
Bekor qilinadigan buyurtma topilmadi.
10.03.2026 01:00:03 — To'lanmagan buyurtmalarni bekor qilish boshlandi...
Bekor qilinadigan buyurtma topilmadi.
10.03.2026 01:05:02 — To'lanmagan buyurtmalarni bekor qilish boshlandi...
Bekor qilinadigan buyurtma topilmadi.
10.03.2026 01:10:02 — To'lanmagan buyurtmalarni bekor qilish boshlandi...
Bekor qilinadigan buyurtma topilmadi.
10.03.2026 01:15:02 — To'lanmagan buyurtmalarni bekor qilish boshlandi...
Bekor qilinadigan buyurtma topilmadi.
10.03.2026 01:20:03 — To'lanmagan buyurtmalarni bekor qilish boshlandi...
Bekor qilinadigan buyurtma topilmadi.
10.03.2026 01:25:02 — To'lanmagan buyurtmalarni bekor qilish boshlandi...
Bekor qilinadigan buyurtma topilmadi.
10.03.2026 01:30:02 — To'lanmagan buyurtmalarni bekor qilish boshlandi...
Bekor qilinadigan buyurtma topilmadi.
10.03.2026 01:35:02 — To'lanmagan buyurtmalarni bekor qilish boshlandi...
Bekor qilinadigan buyurtma topilmadi.
10.03.2026 01:40:03 — To'lanmagan buyurtmalarni bekor qilish boshlandi...
Bekor qilinadigan buyurtma topilmadi.
10.03.2026 01:45:02 — To'lanmagan buyurtmalarni bekor qilish boshlandi...

   Illuminate\Database\QueryException 

  SQLSTATE[HY000] [2002] Connection refused (Connection: mysql, SQL: select * from `solds` where `paymentStatus` = 1 and `status` = A and `created_at` < 2026-03-10 00:45:02)

  at vendor/laravel/framework/src/Illuminate/Database/Connection.php:825
    821▕                     $this->getName(), $query, $this->prepareBindings($bindings), $e
    822▕                 );
    823▕             }
    824▕ 
  ➜ 825▕             throw new QueryException(
    826▕                 $this->getName(), $query, $this->prepareBindings($bindings), $e
    827▕             );
    828▕         }
    829▕     }

      [2m+22 vendor frames [22m

  23  app/Console/Commands/CancelUnpaidOrders.php:59
      Illuminate\Database\Eloquent\Builder::get()
      [2m+13 vendor frames [22m

  37  artisan:13
      Illuminate\Foundation\Application::handleCommand()

10.03.2026 01:50:03 — To'lanmagan buyurtmalarni bekor qilish boshlandi...
Bekor qilinadigan buyurtma topilmadi.
10.03.2026 01:55:02 — To'lanmagan buyurtmalarni bekor qilish boshlandi...
Bekor qilinadigan buyurtma topilmadi.
10.03.2026 02:00:02 — To'lanmagan buyurtmalarni bekor qilish boshlandi...
Bekor qilinadigan buyurtma topilmadi.
10.03.2026 02:05:02 — To'lanmagan buyurtmalarni bekor qilish boshlandi...
Bekor qilinadigan buyurtma topilmadi.
10.03.2026 02:10:02 — To'lanmagan buyurtmalarni bekor qilish boshlandi...
Bekor qilinadigan buyurtma topilmadi.
10.03.2026 02:15:02 — To'lanmagan buyurtmalarni bekor qilish boshlandi...
Bekor qilinadigan buyurtma topilmadi.
10.03.2026 02:20:03 — To'lanmagan buyurtmalarni bekor qilish boshlandi...
Bekor qilinadigan buyurtma topilmadi.
10.03.2026 02:25:02 — To'lanmagan buyurtmalarni bekor qilish boshlandi...
Bekor qilinadigan buyurtma topilmadi.
10.03.2026 02:30:02 — To'lanmagan buyurtmalarni bekor qilish boshlandi...
Bekor qilinadigan buyurtma topilmadi.
10.03.2026 02:35:02 — To'lanmagan buyurtmalarni bekor qilish boshlandi...
Bekor qilinadigan buyurtma topilmadi.
10.03.2026 02:40:03 — To'lanmagan buyurtmalarni bekor qilish boshlandi...
Bekor qilinadigan buyurtma topilmadi.
10.03.2026 02:45:02 — To'lanmagan buyurtmalarni bekor qilish boshlandi...

   Illuminate\Database\QueryException 

  SQLSTATE[HY000] [2002] Connection refused (Connection: mysql, SQL: select * from `solds` where `paymentStatus` = 1 and `status` = A and `created_at` < 2026-03-10 01:45:02)

  at vendor/laravel/framework/src/Illuminate/Database/Connection.php:825
    821▕                     $this->getName(), $query, $this->prepareBindings($bindings), $e
    822▕                 );
    823▕             }
    824▕ 
  ➜ 825▕             throw new QueryException(
    826▕                 $this->getName(), $query, $this->prepareBindings($bindings), $e
    827▕             );
    828▕         }
    829▕     }

      [2m+22 vendor frames [22m

  23  app/Console/Commands/CancelUnpaidOrders.php:59
      Illuminate\Database\Eloquent\Builder::get()
      [2m+13 vendor frames [22m

  37  artisan:13
      Illuminate\Foundation\Application::handleCommand()

10.03.2026 02:50:03 — To'lanmagan buyurtmalarni bekor qilish boshlandi...
Bekor qilinadigan buyurtma topilmadi.
10.03.2026 02:55:02 — To'lanmagan buyurtmalarni bekor qilish boshlandi...
Bekor qilinadigan buyurtma topilmadi.
10.03.2026 03:00:02 — To'lanmagan buyurtmalarni bekor qilish boshlandi...
Bekor qilinadigan buyurtma topilmadi.
10.03.2026 03:05:02 — To'lanmagan buyurtmalarni bekor qilish boshlandi...
Bekor qilinadigan buyurtma topilmadi.
10.03.2026 03:10:02 — To'lanmagan buyurtmalarni bekor qilish boshlandi...
Bekor qilinadigan buyurtma topilmadi.
10.03.2026 03:15:02 — To'lanmagan buyurtmalarni bekor qilish boshlandi...
Bekor qilinadigan buyurtma topilmadi.
10.03.2026 03:20:02 — To'lanmagan buyurtmalarni bekor qilish boshlandi...
Bekor qilinadigan buyurtma topilmadi.
10.03.2026 03:25:02 — To'lanmagan buyurtmalarni bekor qilish boshlandi...
Bekor qilinadigan buyurtma topilmadi.
10.03.2026 03:30:04 — To'lanmagan buyurtmalarni bekor qilish boshlandi...
Bekor qilinadigan buyurtma topilmadi.
10.03.2026 03:35:02 — To'lanmagan buyurtmalarni bekor qilish boshlandi...
Bekor qilinadigan buyurtma topilmadi.
10.03.2026 03:40:03 — To'lanmagan buyurtmalarni bekor qilish boshlandi...
Bekor qilinadigan buyurtma topilmadi.
10.03.2026 03:45:02 — To'lanmagan buyurtmalarni bekor qilish boshlandi...

   Illuminate\Database\QueryException 

  SQLSTATE[HY000] [2002] Connection refused (Connection: mysql, SQL: select * from `solds` where `paymentStatus` = 1 and `status` = A and `created_at` < 2026-03-10 02:45:02)

  at vendor/laravel/framework/src/Illuminate/Database/Connection.php:825
    821▕                     $this->getName(), $query, $this->prepareBindings($bindings), $e
    822▕                 );
    823▕             }
    824▕ 
  ➜ 825▕             throw new QueryException(
    826▕                 $this->getName(), $query, $this->prepareBindings($bindings), $e
    827▕             );
    828▕         }
    829▕     }

      [2m+22 vendor frames [22m

  23  app/Console/Commands/CancelUnpaidOrders.php:59
      Illuminate\Database\Eloquent\Builder::get()
      [2m+13 vendor frames [22m

  37  artisan:13
      Illuminate\Foundation\Application::handleCommand()

10.03.2026 03:50:03 — To'lanmagan buyurtmalarni bekor qilish boshlandi...
Bekor qilinadigan buyurtma topilmadi.
10.03.2026 03:55:03 — To'lanmagan buyurtmalarni bekor qilish boshlandi...
Bekor qilinadigan buyurtma topilmadi.
10.03.2026 04:00:02 — To'lanmagan buyurtmalarni bekor qilish boshlandi...
Bekor qilinadigan buyurtma topilmadi.
10.03.2026 04:05:02 — To'lanmagan buyurtmalarni bekor qilish boshlandi...
Bekor qilinadigan buyurtma topilmadi.
10.03.2026 04:10:02 — To'lanmagan buyurtmalarni bekor qilish boshlandi...
Bekor qilinadigan buyurtma topilmadi.
10.03.2026 04:15:02 — To'lanmagan buyurtmalarni bekor qilish boshlandi...
Bekor qilinadigan buyurtma topilmadi.
10.03.2026 04:20:03 — To'lanmagan buyurtmalarni bekor qilish boshlandi...
Bekor qilinadigan buyurtma topilmadi.
10.03.2026 04:25:02 — To'lanmagan buyurtmalarni bekor qilish boshlandi...
Bekor qilinadigan buyurtma topilmadi.
10.03.2026 04:30:03 — To'lanmagan buyurtmalarni bekor qilish boshlandi...
Bekor qilinadigan buyurtma topilmadi.
10.03.2026 04:35:02 — To'lanmagan buyurtmalarni bekor qilish boshlandi...
Bekor qilinadigan buyurtma topilmadi.
10.03.2026 04:40:03 — To'lanmagan buyurtmalarni bekor qilish boshlandi...
Bekor qilinadigan buyurtma topilmadi.
10.03.2026 04:45:02 — To'lanmagan buyurtmalarni bekor qilish boshlandi...

   Illuminate\Database\QueryException 

  SQLSTATE[HY000] [2002] Connection refused (Connection: mysql, SQL: select * from `solds` where `paymentStatus` = 1 and `status` = A and `created_at` < 2026-03-10 03:45:02)

  at vendor/laravel/framework/src/Illuminate/Database/Connection.php:825
    821▕                     $this->getName(), $query, $this->prepareBindings($bindings), $e
    822▕                 );
    823▕             }
    824▕ 
  ➜ 825▕             throw new QueryException(
    826▕                 $this->getName(), $query, $this->prepareBindings($bindings), $e
    827▕             );
    828▕         }
    829▕     }

      [2m+22 vendor frames [22m

  23  app/Console/Commands/CancelUnpaidOrders.php:59
      Illuminate\Database\Eloquent\Builder::get()
      [2m+13 vendor frames [22m

  37  artisan:13
      Illuminate\Foundation\Application::handleCommand()

10.03.2026 04:50:03 — To'lanmagan buyurtmalarni bekor qilish boshlandi...
Bekor qilinadigan buyurtma topilmadi.
10.03.2026 04:55:02 — To'lanmagan buyurtmalarni bekor qilish boshlandi...
Bekor qilinadigan buyurtma topilmadi.
10.03.2026 05:00:03 — To'lanmagan buyurtmalarni bekor qilish boshlandi...
Bekor qilinadigan buyurtma topilmadi.
10.03.2026 05:05:02 — To'lanmagan buyurtmalarni bekor qilish boshlandi...
Bekor qilinadigan buyurtma topilmadi.
10.03.2026 05:10:03 — To'lanmagan buyurtmalarni bekor qilish boshlandi...
Bekor qilinadigan buyurtma topilmadi.
10.03.2026 05:15:02 — To'lanmagan buyurtmalarni bekor qilish boshlandi...
Bekor qilinadigan buyurtma topilmadi.
10.03.2026 05:20:03 — To'lanmagan buyurtmalarni bekor qilish boshlandi...
Bekor qilinadigan buyurtma topilmadi.
10.03.2026 05:25:02 — To'lanmagan buyurtmalarni bekor qilish boshlandi...
Bekor qilinadigan buyurtma topilmadi.
10.03.2026 05:30:02 — To'lanmagan buyurtmalarni bekor qilish boshlandi...
Bekor qilinadigan buyurtma topilmadi.
10.03.2026 05:35:02 — To'lanmagan buyurtmalarni bekor qilish boshlandi...
Bekor qilinadigan buyurtma topilmadi.
10.03.2026 05:40:03 — To'lanmagan buyurtmalarni bekor qilish boshlandi...
Bekor qilinadigan buyurtma topilmadi.
10.03.2026 05:45:02 — To'lanmagan buyurtmalarni bekor qilish boshlandi...

   Illuminate\Database\QueryException 

  SQLSTATE[HY000] [2002] Connection refused (Connection: mysql, SQL: select * from `solds` where `paymentStatus` = 1 and `status` = A and `created_at` < 2026-03-10 04:45:02)

  at vendor/laravel/framework/src/Illuminate/Database/Connection.php:825
    821▕                     $this->getName(), $query, $this->prepareBindings($bindings), $e
    822▕                 );
    823▕             }
    824▕ 
  ➜ 825▕             throw new QueryException(
    826▕                 $this->getName(), $query, $this->prepareBindings($bindings), $e
    827▕             );
    828▕         }
    829▕     }

      [2m+22 vendor frames [22m

  23  app/Console/Commands/CancelUnpaidOrders.php:59
      Illuminate\Database\Eloquent\Builder::get()
      [2m+13 vendor frames [22m

  37  artisan:13
      Illuminate\Foundation\Application::handleCommand()

10.03.2026 05:50:03 — To'lanmagan buyurtmalarni bekor qilish boshlandi...
Bekor qilinadigan buyurtma topilmadi.
10.03.2026 05:55:02 — To'lanmagan buyurtmalarni bekor qilish boshlandi...
Bekor qilinadigan buyurtma topilmadi.
10.03.2026 06:00:03 — To'lanmagan buyurtmalarni bekor qilish boshlandi...
Bekor qilinadigan buyurtma topilmadi.
10.03.2026 06:05:02 — To'lanmagan buyurtmalarni bekor qilish boshlandi...
Bekor qilinadigan buyurtma topilmadi.
10.03.2026 06:10:02 — To'lanmagan buyurtmalarni bekor qilish boshlandi...
Bekor qilinadigan buyurtma topilmadi.
10.03.2026 06:15:02 — To'lanmagan buyurtmalarni bekor qilish boshlandi...
Bekor qilinadigan buyurtma topilmadi.
10.03.2026 06:20:02 — To'lanmagan buyurtmalarni bekor qilish boshlandi...
Bekor qilinadigan buyurtma topilmadi.
10.03.2026 06:25:03 — To'lanmagan buyurtmalarni bekor qilish boshlandi...
Bekor qilinadigan buyurtma topilmadi.
10.03.2026 06:30:03 — To'lanmagan buyurtmalarni bekor qilish boshlandi...
Bekor qilinadigan buyurtma topilmadi.
10.03.2026 06:35:02 — To'lanmagan buyurtmalarni bekor qilish boshlandi...
Bekor qilinadigan buyurtma topilmadi.
10.03.2026 06:40:03 — To'lanmagan buyurtmalarni bekor qilish boshlandi...
Bekor qilinadigan buyurtma topilmadi.
10.03.2026 06:45:02 — To'lanmagan buyurtmalarni bekor qilish boshlandi...

   Illuminate\Database\QueryException 

  SQLSTATE[HY000] [2002] Connection refused (Connection: mysql, SQL: select * from `solds` where `paymentStatus` = 1 and `status` = A and `created_at` < 2026-03-10 05:45:02)

  at vendor/laravel/framework/src/Illuminate/Database/Connection.php:825
    821▕                     $this->getName(), $query, $this->prepareBindings($bindings), $e
    822▕                 );
    823▕             }
    824▕ 
  ➜ 825▕             throw new QueryException(
    826▕                 $this->getName(), $query, $this->prepareBindings($bindings), $e
    827▕             );
    828▕         }
    829▕     }

      [2m+22 vendor frames [22m

  23  app/Console/Commands/CancelUnpaidOrders.php:59
      Illuminate\Database\Eloquent\Builder::get()
      [2m+13 vendor frames [22m

  37  artisan:13
      Illuminate\Foundation\Application::handleCommand()

10.03.2026 06:50:03 — To'lanmagan buyurtmalarni bekor qilish boshlandi...
Bekor qilinadigan buyurtma topilmadi.
10.03.2026 06:55:02 — To'lanmagan buyurtmalarni bekor qilish boshlandi...
Bekor qilinadigan buyurtma topilmadi.
10.03.2026 07:00:03 — To'lanmagan buyurtmalarni bekor qilish boshlandi...
Bekor qilinadigan buyurtma topilmadi.
10.03.2026 07:05:02 — To'lanmagan buyurtmalarni bekor qilish boshlandi...
Bekor qilinadigan buyurtma topilmadi.
10.03.2026 07:10:03 — To'lanmagan buyurtmalarni bekor qilish boshlandi...
Bekor qilinadigan buyurtma topilmadi.
10.03.2026 07:15:02 — To'lanmagan buyurtmalarni bekor qilish boshlandi...
Bekor qilinadigan buyurtma topilmadi.
10.03.2026 07:20:03 — To'lanmagan buyurtmalarni bekor qilish boshlandi...
Bekor qilinadigan buyurtma topilmadi.
10.03.2026 07:25:02 — To'lanmagan buyurtmalarni bekor qilish boshlandi...
Bekor qilinadigan buyurtma topilmadi.
10.03.2026 07:30:03 — To'lanmagan buyurtmalarni bekor qilish boshlandi...
Bekor qilinadigan buyurtma topilmadi.
10.03.2026 07:35:02 — To'lanmagan buyurtmalarni bekor qilish boshlandi...
Bekor qilinadigan buyurtma topilmadi.
10.03.2026 07:40:04 — To'lanmagan buyurtmalarni bekor qilish boshlandi...
Bekor qilinadigan buyurtma topilmadi.
10.03.2026 07:45:03 — To'lanmagan buyurtmalarni bekor qilish boshlandi...

   Illuminate\Database\QueryException 

  SQLSTATE[HY000] [2002] Connection refused (Connection: mysql, SQL: select * from `solds` where `paymentStatus` = 1 and `status` = A and `created_at` < 2026-03-10 06:45:03)

  at vendor/laravel/framework/src/Illuminate/Database/Connection.php:825
    821▕                     $this->getName(), $query, $this->prepareBindings($bindings), $e
    822▕                 );
    823▕             }
    824▕ 
  ➜ 825▕             throw new QueryException(
    826▕                 $this->getName(), $query, $this->prepareBindings($bindings), $e
    827▕             );
    828▕         }
    829▕     }

      [2m+22 vendor frames [22m

  23  app/Console/Commands/CancelUnpaidOrders.php:59
      Illuminate\Database\Eloquent\Builder::get()
      [2m+13 vendor frames [22m

  37  artisan:13
      Illuminate\Foundation\Application::handleCommand()

10.03.2026 07:50:04 — To'lanmagan buyurtmalarni bekor qilish boshlandi...
Bekor qilinadigan buyurtma topilmadi.
10.03.2026 07:55:02 — To'lanmagan buyurtmalarni bekor qilish boshlandi...
Bekor qilinadigan buyurtma topilmadi.
10.03.2026 08:00:04 — To'lanmagan buyurtmalarni bekor qilish boshlandi...
Bekor qilinadigan buyurtma topilmadi.
10.03.2026 08:05:02 — To'lanmagan buyurtmalarni bekor qilish boshlandi...
Bekor qilinadigan buyurtma topilmadi.
10.03.2026 08:10:04 — To'lanmagan buyurtmalarni bekor qilish boshlandi...
Bekor qilinadigan buyurtma topilmadi.
10.03.2026 08:15:03 — To'lanmagan buyurtmalarni bekor qilish boshlandi...
Bekor qilinadigan buyurtma topilmadi.
10.03.2026 08:20:03 — To'lanmagan buyurtmalarni bekor qilish boshlandi...
Topilgan buyurtmalar soni: 1
Buyurtma #59 bekor qilindi.
Jarayon tugadi.
10.03.2026 08:25:02 — To'lanmagan buyurtmalarni bekor qilish boshlandi...
Bekor qilinadigan buyurtma topilmadi.
10.03.2026 08:30:03 — To'lanmagan buyurtmalarni bekor qilish boshlandi...
Bekor qilinadigan buyurtma topilmadi.
10.03.2026 08:35:02 — To'lanmagan buyurtmalarni bekor qilish boshlandi...
Bekor qilinadigan buyurtma topilmadi.
10.03.2026 08:40:03 — To'lanmagan buyurtmalarni bekor qilish boshlandi...
Bekor qilinadigan buyurtma topilmadi.
10.03.2026 08:45:02 — To'lanmagan buyurtmalarni bekor qilish boshlandi...

   Illuminate\Database\QueryException 

  SQLSTATE[HY000] [2002] Connection refused (Connection: mysql, SQL: select * from `solds` where `paymentStatus` = 1 and `status` = A and `created_at` < 2026-03-10 07:45:02)

  at vendor/laravel/framework/src/Illuminate/Database/Connection.php:825
    821▕                     $this->getName(), $query, $this->prepareBindings($bindings), $e
    822▕                 );
    823▕             }
    824▕ 
  ➜ 825▕             throw new QueryException(
    826▕                 $this->getName(), $query, $this->prepareBindings($bindings), $e
    827▕             );
    828▕         }
    829▕     }

      [2m+22 vendor frames [22m

  23  app/Console/Commands/CancelUnpaidOrders.php:59
      Illuminate\Database\Eloquent\Builder::get()
      [2m+13 vendor frames [22m

  37  artisan:13
      Illuminate\Foundation\Application::handleCommand()

10.03.2026 08:50:02 — To'lanmagan buyurtmalarni bekor qilish boshlandi...
Bekor qilinadigan buyurtma topilmadi.
10.03.2026 08:55:02 — To'lanmagan buyurtmalarni bekor qilish boshlandi...
Bekor qilinadigan buyurtma topilmadi.
10.03.2026 09:00:03 — To'lanmagan buyurtmalarni bekor qilish boshlandi...
Bekor qilinadigan buyurtma topilmadi.
10.03.2026 09:05:02 — To'lanmagan buyurtmalarni bekor qilish boshlandi...
Bekor qilinadigan buyurtma topilmadi.
10.03.2026 09:10:03 — To'lanmagan buyurtmalarni bekor qilish boshlandi...
Bekor qilinadigan buyurtma topilmadi.
10.03.2026 09:15:02 — To'lanmagan buyurtmalarni bekor qilish boshlandi...
Bekor qilinadigan buyurtma topilmadi.
10.03.2026 09:20:02 — To'lanmagan buyurtmalarni bekor qilish boshlandi...
Bekor qilinadigan buyurtma topilmadi.
10.03.2026 09:25:02 — To'lanmagan buyurtmalarni bekor qilish boshlandi...
Bekor qilinadigan buyurtma topilmadi.
10.03.2026 09:30:03 — To'lanmagan buyurtmalarni bekor qilish boshlandi...
Bekor qilinadigan buyurtma topilmadi.
10.03.2026 09:35:02 — To'lanmagan buyurtmalarni bekor qilish boshlandi...
Bekor qilinadigan buyurtma topilmadi.
10.03.2026 09:40:02 — To'lanmagan buyurtmalarni bekor qilish boshlandi...
Bekor qilinadigan buyurtma topilmadi.
10.03.2026 09:45:02 — To'lanmagan buyurtmalarni bekor qilish boshlandi...

   Illuminate\Database\QueryException 

  SQLSTATE[HY000] [2002] Connection refused (Connection: mysql, SQL: select * from `solds` where `paymentStatus` = 1 and `status` = A and `created_at` < 2026-03-10 08:45:02)

  at vendor/laravel/framework/src/Illuminate/Database/Connection.php:825
    821▕                     $this->getName(), $query, $this->prepareBindings($bindings), $e
    822▕                 );
    823▕             }
    824▕ 
  ➜ 825▕             throw new QueryException(
    826▕                 $this->getName(), $query, $this->prepareBindings($bindings), $e
    827▕             );
    828▕         }
    829▕     }

      [2m+22 vendor frames [22m

  23  app/Console/Commands/CancelUnpaidOrders.php:59
      Illuminate\Database\Eloquent\Builder::get()
      [2m+13 vendor frames [22m

  37  artisan:13
      Illuminate\Foundation\Application::handleCommand()

10.03.2026 09:50:03 — To'lanmagan buyurtmalarni bekor qilish boshlandi...
Bekor qilinadigan buyurtma topilmadi.
10.03.2026 09:55:02 — To'lanmagan buyurtmalarni bekor qilish boshlandi...
Bekor qilinadigan buyurtma topilmadi.
10.03.2026 10:00:02 — To'lanmagan buyurtmalarni bekor qilish boshlandi...
Bekor qilinadigan buyurtma topilmadi.
10.03.2026 10:05:03 — To'lanmagan buyurtmalarni bekor qilish boshlandi...
Bekor qilinadigan buyurtma topilmadi.
10.03.2026 10:10:03 — To'lanmagan buyurtmalarni bekor qilish boshlandi...
Bekor qilinadigan buyurtma topilmadi.
10.03.2026 10:15:02 — To'lanmagan buyurtmalarni bekor qilish boshlandi...
Bekor qilinadigan buyurtma topilmadi.
10.03.2026 10:20:03 — To'lanmagan buyurtmalarni bekor qilish boshlandi...
Bekor qilinadigan buyurtma topilmadi.
10.03.2026 10:25:02 — To'lanmagan buyurtmalarni bekor qilish boshlandi...
Bekor qilinadigan buyurtma topilmadi.
10.03.2026 10:30:03 — To'lanmagan buyurtmalarni bekor qilish boshlandi...
Bekor qilinadigan buyurtma topilmadi.
10.03.2026 10:35:02 — To'lanmagan buyurtmalarni bekor qilish boshlandi...
Bekor qilinadigan buyurtma topilmadi.
10.03.2026 10:40:02 — To'lanmagan buyurtmalarni bekor qilish boshlandi...
Bekor qilinadigan buyurtma topilmadi.
10.03.2026 10:45:02 — To'lanmagan buyurtmalarni bekor qilish boshlandi...

   Illuminate\Database\QueryException 

  SQLSTATE[HY000] [2002] Connection refused (Connection: mysql, SQL: select * from `solds` where `paymentStatus` = 1 and `status` = A and `created_at` < 2026-03-10 09:45:02)

  at vendor/laravel/framework/src/Illuminate/Database/Connection.php:825
    821▕                     $this->getName(), $query, $this->prepareBindings($bindings), $e
    822▕                 );
    823▕             }
    824▕ 
  ➜ 825▕             throw new QueryException(
    826▕                 $this->getName(), $query, $this->prepareBindings($bindings), $e
    827▕             );
    828▕         }
    829▕     }

      [2m+22 vendor frames [22m

  23  app/Console/Commands/CancelUnpaidOrders.php:59
      Illuminate\Database\Eloquent\Builder::get()
      [2m+13 vendor frames [22m

  37  artisan:13
      Illuminate\Foundation\Application::handleCommand()

10.03.2026 10:50:03 — To'lanmagan buyurtmalarni bekor qilish boshlandi...
Bekor qilinadigan buyurtma topilmadi.
10.03.2026 10:55:02 — To'lanmagan buyurtmalarni bekor qilish boshlandi...
Bekor qilinadigan buyurtma topilmadi.
10.03.2026 11:00:03 — To'lanmagan buyurtmalarni bekor qilish boshlandi...
Bekor qilinadigan buyurtma topilmadi.
10.03.2026 11:05:02 — To'lanmagan buyurtmalarni bekor qilish boshlandi...
Bekor qilinadigan buyurtma topilmadi.
10.03.2026 11:10:03 — To'lanmagan buyurtmalarni bekor qilish boshlandi...
Bekor qilinadigan buyurtma topilmadi.
10.03.2026 11:15:02 — To'lanmagan buyurtmalarni bekor qilish boshlandi...
Bekor qilinadigan buyurtma topilmadi.
10.03.2026 11:20:02 — To'lanmagan buyurtmalarni bekor qilish boshlandi...
Bekor qilinadigan buyurtma topilmadi.
10.03.2026 11:25:02 — To'lanmagan buyurtmalarni bekor qilish boshlandi...
Bekor qilinadigan buyurtma topilmadi.
10.03.2026 11:30:03 — To'lanmagan buyurtmalarni bekor qilish boshlandi...
Bekor qilinadigan buyurtma topilmadi.
10.03.2026 11:35:02 — To'lanmagan buyurtmalarni bekor qilish boshlandi...
Bekor qilinadigan buyurtma topilmadi.
10.03.2026 11:40:03 — To'lanmagan buyurtmalarni bekor qilish boshlandi...
Bekor qilinadigan buyurtma topilmadi.
10.03.2026 11:45:03 — To'lanmagan buyurtmalarni bekor qilish boshlandi...

   Illuminate\Database\QueryException 

  SQLSTATE[HY000] [2002] Connection refused (Connection: mysql, SQL: select * from `solds` where `paymentStatus` = 1 and `status` = A and `created_at` < 2026-03-10 10:45:03)

  at vendor/laravel/framework/src/Illuminate/Database/Connection.php:825
    821▕                     $this->getName(), $query, $this->prepareBindings($bindings), $e
    822▕                 );
    823▕             }
    824▕ 
  ➜ 825▕             throw new QueryException(
    826▕                 $this->getName(), $query, $this->prepareBindings($bindings), $e
    827▕             );
    828▕         }
    829▕     }

      [2m+22 vendor frames [22m

  23  app/Console/Commands/CancelUnpaidOrders.php:59
      Illuminate\Database\Eloquent\Builder::get()
      [2m+13 vendor frames [22m

  37  artisan:13
      Illuminate\Foundation\Application::handleCommand()

10.03.2026 11:50:04 — To'lanmagan buyurtmalarni bekor qilish boshlandi...
Bekor qilinadigan buyurtma topilmadi.
10.03.2026 11:55:02 — To'lanmagan buyurtmalarni bekor qilish boshlandi...
Bekor qilinadigan buyurtma topilmadi.
10.03.2026 12:00:03 — To'lanmagan buyurtmalarni bekor qilish boshlandi...
Bekor qilinadigan buyurtma topilmadi.
10.03.2026 12:05:02 — To'lanmagan buyurtmalarni bekor qilish boshlandi...
Bekor qilinadigan buyurtma topilmadi.
10.03.2026 12:10:03 — To'lanmagan buyurtmalarni bekor qilish boshlandi...
Bekor qilinadigan buyurtma topilmadi.
10.03.2026 12:15:02 — To'lanmagan buyurtmalarni bekor qilish boshlandi...
Bekor qilinadigan buyurtma topilmadi.
10.03.2026 12:20:02 — To'lanmagan buyurtmalarni bekor qilish boshlandi...
Bekor qilinadigan buyurtma topilmadi.
10.03.2026 12:25:02 — To'lanmagan buyurtmalarni bekor qilish boshlandi...
Bekor qilinadigan buyurtma topilmadi.
10.03.2026 12:30:03 — To'lanmagan buyurtmalarni bekor qilish boshlandi...
Bekor qilinadigan buyurtma topilmadi.
10.03.2026 12:35:02 — To'lanmagan buyurtmalarni bekor qilish boshlandi...
Bekor qilinadigan buyurtma topilmadi.
10.03.2026 12:40:02 — To'lanmagan buyurtmalarni bekor qilish boshlandi...
Bekor qilinadigan buyurtma topilmadi.
10.03.2026 12:45:02 — To'lanmagan buyurtmalarni bekor qilish boshlandi...

   Illuminate\Database\QueryException 

  SQLSTATE[HY000] [2002] Connection refused (Connection: mysql, SQL: select * from `solds` where `paymentStatus` = 1 and `status` = A and `created_at` < 2026-03-10 11:45:02)

  at vendor/laravel/framework/src/Illuminate/Database/Connection.php:825
    821▕                     $this->getName(), $query, $this->prepareBindings($bindings), $e
    822▕                 );
    823▕             }
    824▕ 
  ➜ 825▕             throw new QueryException(
    826▕                 $this->getName(), $query, $this->prepareBindings($bindings), $e
    827▕             );
    828▕         }
    829▕     }

      [2m+22 vendor frames [22m

  23  app/Console/Commands/CancelUnpaidOrders.php:59
      Illuminate\Database\Eloquent\Builder::get()
      [2m+13 vendor frames [22m

  37  artisan:13
      Illuminate\Foundation\Application::handleCommand()

10.03.2026 12:50:03 — To'lanmagan buyurtmalarni bekor qilish boshlandi...
Bekor qilinadigan buyurtma topilmadi.
10.03.2026 12:55:02 — To'lanmagan buyurtmalarni bekor qilish boshlandi...
Bekor qilinadigan buyurtma topilmadi.
10.03.2026 13:00:02 — To'lanmagan buyurtmalarni bekor qilish boshlandi...
Bekor qilinadigan buyurtma topilmadi.
10.03.2026 13:05:02 — To'lanmagan buyurtmalarni bekor qilish boshlandi...
Bekor qilinadigan buyurtma topilmadi.
10.03.2026 13:10:03 — To'lanmagan buyurtmalarni bekor qilish boshlandi...
Bekor qilinadigan buyurtma topilmadi.
10.03.2026 13:15:02 — To'lanmagan buyurtmalarni bekor qilish boshlandi...
Bekor qilinadigan buyurtma topilmadi.
10.03.2026 13:20:02 — To'lanmagan buyurtmalarni bekor qilish boshlandi...
Bekor qilinadigan buyurtma topilmadi.
10.03.2026 13:25:02 — To'lanmagan buyurtmalarni bekor qilish boshlandi...
Bekor qilinadigan buyurtma topilmadi.
10.03.2026 13:30:03 — To'lanmagan buyurtmalarni bekor qilish boshlandi...
Bekor qilinadigan buyurtma topilmadi.
10.03.2026 13:35:02 — To'lanmagan buyurtmalarni bekor qilish boshlandi...
Bekor qilinadigan buyurtma topilmadi.
10.03.2026 13:40:03 — To'lanmagan buyurtmalarni bekor qilish boshlandi...
Bekor qilinadigan buyurtma topilmadi.
10.03.2026 13:45:02 — To'lanmagan buyurtmalarni bekor qilish boshlandi...

   Illuminate\Database\QueryException 

  SQLSTATE[HY000] [2002] Connection refused (Connection: mysql, SQL: select * from `solds` where `paymentStatus` = 1 and `status` = A and `created_at` < 2026-03-10 12:45:02)

  at vendor/laravel/framework/src/Illuminate/Database/Connection.php:825
    821▕                     $this->getName(), $query, $this->prepareBindings($bindings), $e
    822▕                 );
    823▕             }
    824▕ 
  ➜ 825▕             throw new QueryException(
    826▕                 $this->getName(), $query, $this->prepareBindings($bindings), $e
    827▕             );
    828▕         }
    829▕     }

      [2m+22 vendor frames [22m

  23  app/Console/Commands/CancelUnpaidOrders.php:59
      Illuminate\Database\Eloquent\Builder::get()
      [2m+13 vendor frames [22m

  37  artisan:13
      Illuminate\Foundation\Application::handleCommand()

10.03.2026 13:50:03 — To'lanmagan buyurtmalarni bekor qilish boshlandi...
Bekor qilinadigan buyurtma topilmadi.
10.03.2026 13:55:02 — To'lanmagan buyurtmalarni bekor qilish boshlandi...
Bekor qilinadigan buyurtma topilmadi.
10.03.2026 14:00:03 — To'lanmagan buyurtmalarni bekor qilish boshlandi...
Bekor qilinadigan buyurtma topilmadi.
10.03.2026 14:05:02 — To'lanmagan buyurtmalarni bekor qilish boshlandi...
Bekor qilinadigan buyurtma topilmadi.
10.03.2026 14:10:03 — To'lanmagan buyurtmalarni bekor qilish boshlandi...
Bekor qilinadigan buyurtma topilmadi.
10.03.2026 14:15:02 — To'lanmagan buyurtmalarni bekor qilish boshlandi...
Bekor qilinadigan buyurtma topilmadi.
10.03.2026 14:20:03 — To'lanmagan buyurtmalarni bekor qilish boshlandi...
Bekor qilinadigan buyurtma topilmadi.
10.03.2026 14:25:02 — To'lanmagan buyurtmalarni bekor qilish boshlandi...
Bekor qilinadigan buyurtma topilmadi.
10.03.2026 14:30:03 — To'lanmagan buyurtmalarni bekor qilish boshlandi...
Bekor qilinadigan buyurtma topilmadi.
10.03.2026 14:35:03 — To'lanmagan buyurtmalarni bekor qilish boshlandi...
Bekor qilinadigan buyurtma topilmadi.
10.03.2026 14:40:02 — To'lanmagan buyurtmalarni bekor qilish boshlandi...
Bekor qilinadigan buyurtma topilmadi.
10.03.2026 14:45:02 — To'lanmagan buyurtmalarni bekor qilish boshlandi...

   Illuminate\Database\QueryException 

  SQLSTATE[HY000] [2002] Connection refused (Connection: mysql, SQL: select * from `solds` where `paymentStatus` = 1 and `status` = A and `created_at` < 2026-03-10 13:45:03)

  at vendor/laravel/framework/src/Illuminate/Database/Connection.php:825
    821▕                     $this->getName(), $query, $this->prepareBindings($bindings), $e
    822▕                 );
    823▕             }
    824▕ 
  ➜ 825▕             throw new QueryException(
    826▕                 $this->getName(), $query, $this->prepareBindings($bindings), $e
    827▕             );
    828▕         }
    829▕     }

      [2m+22 vendor frames [22m

  23  app/Console/Commands/CancelUnpaidOrders.php:59
      Illuminate\Database\Eloquent\Builder::get()
      [2m+13 vendor frames [22m

  37  artisan:13
      Illuminate\Foundation\Application::handleCommand()

10.03.2026 14:50:02 — To'lanmagan buyurtmalarni bekor qilish boshlandi...
Bekor qilinadigan buyurtma topilmadi.
10.03.2026 14:55:02 — To'lanmagan buyurtmalarni bekor qilish boshlandi...
Bekor qilinadigan buyurtma topilmadi.
10.03.2026 15:00:03 — To'lanmagan buyurtmalarni bekor qilish boshlandi...
Bekor qilinadigan buyurtma topilmadi.
10.03.2026 15:05:02 — To'lanmagan buyurtmalarni bekor qilish boshlandi...
Bekor qilinadigan buyurtma topilmadi.
10.03.2026 15:10:03 — To'lanmagan buyurtmalarni bekor qilish boshlandi...
Bekor qilinadigan buyurtma topilmadi.
10.03.2026 15:15:02 — To'lanmagan buyurtmalarni bekor qilish boshlandi...
Bekor qilinadigan buyurtma topilmadi.
10.03.2026 15:20:03 — To'lanmagan buyurtmalarni bekor qilish boshlandi...
Bekor qilinadigan buyurtma topilmadi.
10.03.2026 15:25:02 — To'lanmagan buyurtmalarni bekor qilish boshlandi...
Bekor qilinadigan buyurtma topilmadi.
10.03.2026 15:30:03 — To'lanmagan buyurtmalarni bekor qilish boshlandi...
Bekor qilinadigan buyurtma topilmadi.
10.03.2026 15:35:02 — To'lanmagan buyurtmalarni bekor qilish boshlandi...
Bekor qilinadigan buyurtma topilmadi.
10.03.2026 15:40:03 — To'lanmagan buyurtmalarni bekor qilish boshlandi...
Bekor qilinadigan buyurtma topilmadi.
10.03.2026 15:45:03 — To'lanmagan buyurtmalarni bekor qilish boshlandi...

   Illuminate\Database\QueryException 

  SQLSTATE[HY000] [2002] Connection refused (Connection: mysql, SQL: select * from `solds` where `paymentStatus` = 1 and `status` = A and `created_at` < 2026-03-10 14:45:03)

  at vendor/laravel/framework/src/Illuminate/Database/Connection.php:825
    821▕                     $this->getName(), $query, $this->prepareBindings($bindings), $e
    822▕                 );
    823▕             }
    824▕ 
  ➜ 825▕             throw new QueryException(
    826▕                 $this->getName(), $query, $this->prepareBindings($bindings), $e
    827▕             );
    828▕         }
    829▕     }

      [2m+22 vendor frames [22m

  23  app/Console/Commands/CancelUnpaidOrders.php:59
      Illuminate\Database\Eloquent\Builder::get()
      [2m+13 vendor frames [22m

  37  artisan:13
      Illuminate\Foundation\Application::handleCommand()

10.03.2026 15:50:02 — To'lanmagan buyurtmalarni bekor qilish boshlandi...
Bekor qilinadigan buyurtma topilmadi.
10.03.2026 15:55:02 — To'lanmagan buyurtmalarni bekor qilish boshlandi...
Bekor qilinadigan buyurtma topilmadi.
10.03.2026 16:00:02 — To'lanmagan buyurtmalarni bekor qilish boshlandi...
Bekor qilinadigan buyurtma topilmadi.
10.03.2026 16:05:03 — To'lanmagan buyurtmalarni bekor qilish boshlandi...
Bekor qilinadigan buyurtma topilmadi.
10.03.2026 16:10:03 — To'lanmagan buyurtmalarni bekor qilish boshlandi...
Bekor qilinadigan buyurtma topilmadi.
10.03.2026 16:15:02 — To'lanmagan buyurtmalarni bekor qilish boshlandi...
Bekor qilinadigan buyurtma topilmadi.
10.03.2026 16:20:03 — To'lanmagan buyurtmalarni bekor qilish boshlandi...
Bekor qilinadigan buyurtma topilmadi.
10.03.2026 16:25:02 — To'lanmagan buyurtmalarni bekor qilish boshlandi...
Bekor qilinadigan buyurtma topilmadi.
10.03.2026 16:30:03 — To'lanmagan buyurtmalarni bekor qilish boshlandi...
Bekor qilinadigan buyurtma topilmadi.
10.03.2026 16:35:03 — To'lanmagan buyurtmalarni bekor qilish boshlandi...
Bekor qilinadigan buyurtma topilmadi.
10.03.2026 16:40:02 — To'lanmagan buyurtmalarni bekor qilish boshlandi...
Bekor qilinadigan buyurtma topilmadi.
10.03.2026 16:45:03 — To'lanmagan buyurtmalarni bekor qilish boshlandi...

   Illuminate\Database\QueryException 

  SQLSTATE[HY000] [2002] Connection refused (Connection: mysql, SQL: select * from `solds` where `paymentStatus` = 1 and `status` = A and `created_at` < 2026-03-10 15:45:03)

  at vendor/laravel/framework/src/Illuminate/Database/Connection.php:825
    821▕                     $this->getName(), $query, $this->prepareBindings($bindings), $e
    822▕                 );
    823▕             }
    824▕ 
  ➜ 825▕             throw new QueryException(
    826▕                 $this->getName(), $query, $this->prepareBindings($bindings), $e
    827▕             );
    828▕         }
    829▕     }

      [2m+22 vendor frames [22m

  23  app/Console/Commands/CancelUnpaidOrders.php:59
      Illuminate\Database\Eloquent\Builder::get()
      [2m+13 vendor frames [22m

  37  artisan:13
      Illuminate\Foundation\Application::handleCommand()

10.03.2026 16:50:02 — To'lanmagan buyurtmalarni bekor qilish boshlandi...
Bekor qilinadigan buyurtma topilmadi.
10.03.2026 16:55:02 — To'lanmagan buyurtmalarni bekor qilish boshlandi...
Bekor qilinadigan buyurtma topilmadi.
10.03.2026 17:00:03 — To'lanmagan buyurtmalarni bekor qilish boshlandi...
Bekor qilinadigan buyurtma topilmadi.
10.03.2026 17:05:02 — To'lanmagan buyurtmalarni bekor qilish boshlandi...
Bekor qilinadigan buyurtma topilmadi.
10.03.2026 17:10:02 — To'lanmagan buyurtmalarni bekor qilish boshlandi...
Bekor qilinadigan buyurtma topilmadi.
10.03.2026 17:15:02 — To'lanmagan buyurtmalarni bekor qilish boshlandi...
Bekor qilinadigan buyurtma topilmadi.
10.03.2026 17:20:02 — To'lanmagan buyurtmalarni bekor qilish boshlandi...
Bekor qilinadigan buyurtma topilmadi.
10.03.2026 17:25:02 — To'lanmagan buyurtmalarni bekor qilish boshlandi...
Bekor qilinadigan buyurtma topilmadi.
10.03.2026 17:30:03 — To'lanmagan buyurtmalarni bekor qilish boshlandi...
Bekor qilinadigan buyurtma topilmadi.
10.03.2026 17:35:02 — To'lanmagan buyurtmalarni bekor qilish boshlandi...
Bekor qilinadigan buyurtma topilmadi.
10.03.2026 17:40:03 — To'lanmagan buyurtmalarni bekor qilish boshlandi...
Bekor qilinadigan buyurtma topilmadi.
10.03.2026 17:45:02 — To'lanmagan buyurtmalarni bekor qilish boshlandi...

   Illuminate\Database\QueryException 

  SQLSTATE[HY000] [2002] Connection refused (Connection: mysql, SQL: select * from `solds` where `paymentStatus` = 1 and `status` = A and `created_at` < 2026-03-10 16:45:02)

  at vendor/laravel/framework/src/Illuminate/Database/Connection.php:825
    821▕                     $this->getName(), $query, $this->prepareBindings($bindings), $e
    822▕                 );
    823▕             }
    824▕ 
  ➜ 825▕             throw new QueryException(
    826▕                 $this->getName(), $query, $this->prepareBindings($bindings), $e
    827▕             );
    828▕         }
    829▕     }

      [2m+22 vendor frames [22m

  23  app/Console/Commands/CancelUnpaidOrders.php:59
      Illuminate\Database\Eloquent\Builder::get()
      [2m+13 vendor frames [22m

  37  artisan:13
      Illuminate\Foundation\Application::handleCommand()

10.03.2026 17:50:03 — To'lanmagan buyurtmalarni bekor qilish boshlandi...
Bekor qilinadigan buyurtma topilmadi.
10.03.2026 17:55:02 — To'lanmagan buyurtmalarni bekor qilish boshlandi...
Bekor qilinadigan buyurtma topilmadi.
10.03.2026 18:00:03 — To'lanmagan buyurtmalarni bekor qilish boshlandi...
Bekor qilinadigan buyurtma topilmadi.
10.03.2026 18:05:03 — To'lanmagan buyurtmalarni bekor qilish boshlandi...
Bekor qilinadigan buyurtma topilmadi.
10.03.2026 18:10:03 — To'lanmagan buyurtmalarni bekor qilish boshlandi...
Bekor qilinadigan buyurtma topilmadi.
10.03.2026 18:15:02 — To'lanmagan buyurtmalarni bekor qilish boshlandi...
Bekor qilinadigan buyurtma topilmadi.
10.03.2026 18:20:02 — To'lanmagan buyurtmalarni bekor qilish boshlandi...
Bekor qilinadigan buyurtma topilmadi.
10.03.2026 18:25:02 — To'lanmagan buyurtmalarni bekor qilish boshlandi...
Bekor qilinadigan buyurtma topilmadi.
10.03.2026 18:30:03 — To'lanmagan buyurtmalarni bekor qilish boshlandi...
Bekor qilinadigan buyurtma topilmadi.
10.03.2026 18:35:02 — To'lanmagan buyurtmalarni bekor qilish boshlandi...
Bekor qilinadigan buyurtma topilmadi.
10.03.2026 18:40:03 — To'lanmagan buyurtmalarni bekor qilish boshlandi...
Bekor qilinadigan buyurtma topilmadi.
10.03.2026 18:45:02 — To'lanmagan buyurtmalarni bekor qilish boshlandi...

   Illuminate\Database\QueryException 

  SQLSTATE[HY000] [2002] Connection refused (Connection: mysql, SQL: select * from `solds` where `paymentStatus` = 1 and `status` = A and `created_at` < 2026-03-10 17:45:02)

  at vendor/laravel/framework/src/Illuminate/Database/Connection.php:825
    821▕                     $this->getName(), $query, $this->prepareBindings($bindings), $e
    822▕                 );
    823▕             }
    824▕ 
  ➜ 825▕             throw new QueryException(
    826▕                 $this->getName(), $query, $this->prepareBindings($bindings), $e
    827▕             );
    828▕         }
    829▕     }

      [2m+22 vendor frames [22m

  23  app/Console/Commands/CancelUnpaidOrders.php:59
      Illuminate\Database\Eloquent\Builder::get()
      [2m+13 vendor frames [22m

  37  artisan:13
      Illuminate\Foundation\Application::handleCommand()

10.03.2026 18:50:03 — To'lanmagan buyurtmalarni bekor qilish boshlandi...
Bekor qilinadigan buyurtma topilmadi.
10.03.2026 18:55:01 — To'lanmagan buyurtmalarni bekor qilish boshlandi...
Bekor qilinadigan buyurtma topilmadi.
10.03.2026 19:00:03 — To'lanmagan buyurtmalarni bekor qilish boshlandi...
Bekor qilinadigan buyurtma topilmadi.
10.03.2026 19:05:02 — To'lanmagan buyurtmalarni bekor qilish boshlandi...
Bekor qilinadigan buyurtma topilmadi.
10.03.2026 19:10:03 — To'lanmagan buyurtmalarni bekor qilish boshlandi...
Bekor qilinadigan buyurtma topilmadi.
10.03.2026 19:15:02 — To'lanmagan buyurtmalarni bekor qilish boshlandi...
Bekor qilinadigan buyurtma topilmadi.
10.03.2026 19:20:03 — To'lanmagan buyurtmalarni bekor qilish boshlandi...
Bekor qilinadigan buyurtma topilmadi.
10.03.2026 19:25:02 — To'lanmagan buyurtmalarni bekor qilish boshlandi...
Bekor qilinadigan buyurtma topilmadi.
10.03.2026 19:30:03 — To'lanmagan buyurtmalarni bekor qilish boshlandi...
Bekor qilinadigan buyurtma topilmadi.
10.03.2026 19:35:02 — To'lanmagan buyurtmalarni bekor qilish boshlandi...
Bekor qilinadigan buyurtma topilmadi.
10.03.2026 19:40:03 — To'lanmagan buyurtmalarni bekor qilish boshlandi...
Bekor qilinadigan buyurtma topilmadi.
10.03.2026 19:45:02 — To'lanmagan buyurtmalarni bekor qilish boshlandi...

   Illuminate\Database\QueryException 

  SQLSTATE[HY000] [2002] Connection refused (Connection: mysql, SQL: select * from `solds` where `paymentStatus` = 1 and `status` = A and `created_at` < 2026-03-10 18:45:02)

  at vendor/laravel/framework/src/Illuminate/Database/Connection.php:825
    821▕                     $this->getName(), $query, $this->prepareBindings($bindings), $e
    822▕                 );
    823▕             }
    824▕ 
  ➜ 825▕             throw new QueryException(
    826▕                 $this->getName(), $query, $this->prepareBindings($bindings), $e
    827▕             );
    828▕         }
    829▕     }

      [2m+22 vendor frames [22m

  23  app/Console/Commands/CancelUnpaidOrders.php:59
      Illuminate\Database\Eloquent\Builder::get()
      [2m+13 vendor frames [22m

  37  artisan:13
      Illuminate\Foundation\Application::handleCommand()

10.03.2026 19:50:03 — To'lanmagan buyurtmalarni bekor qilish boshlandi...
Bekor qilinadigan buyurtma topilmadi.
10.03.2026 19:55:02 — To'lanmagan buyurtmalarni bekor qilish boshlandi...
Bekor qilinadigan buyurtma topilmadi.
10.03.2026 20:00:03 — To'lanmagan buyurtmalarni bekor qilish boshlandi...
Bekor qilinadigan buyurtma topilmadi.
10.03.2026 20:05:02 — To'lanmagan buyurtmalarni bekor qilish boshlandi...
Bekor qilinadigan buyurtma topilmadi.
10.03.2026 20:10:03 — To'lanmagan buyurtmalarni bekor qilish boshlandi...
Bekor qilinadigan buyurtma topilmadi.
10.03.2026 20:15:02 — To'lanmagan buyurtmalarni bekor qilish boshlandi...
Bekor qilinadigan buyurtma topilmadi.
10.03.2026 20:20:03 — To'lanmagan buyurtmalarni bekor qilish boshlandi...
Bekor qilinadigan buyurtma topilmadi.
10.03.2026 20:25:02 — To'lanmagan buyurtmalarni bekor qilish boshlandi...
Bekor qilinadigan buyurtma topilmadi.
10.03.2026 20:30:02 — To'lanmagan buyurtmalarni bekor qilish boshlandi...
Bekor qilinadigan buyurtma topilmadi.
10.03.2026 20:35:02 — To'lanmagan buyurtmalarni bekor qilish boshlandi...
Bekor qilinadigan buyurtma topilmadi.
10.03.2026 20:40:03 — To'lanmagan buyurtmalarni bekor qilish boshlandi...
Bekor qilinadigan buyurtma topilmadi.
10.03.2026 20:45:03 — To'lanmagan buyurtmalarni bekor qilish boshlandi...

   Illuminate\Database\QueryException 

  SQLSTATE[HY000] [2002] Connection refused (Connection: mysql, SQL: select * from `solds` where `paymentStatus` = 1 and `status` = A and `created_at` < 2026-03-10 19:45:03)

  at vendor/laravel/framework/src/Illuminate/Database/Connection.php:825
    821▕                     $this->getName(), $query, $this->prepareBindings($bindings), $e
    822▕                 );
    823▕             }
    824▕ 
  ➜ 825▕             throw new QueryException(
    826▕                 $this->getName(), $query, $this->prepareBindings($bindings), $e
    827▕             );
    828▕         }
    829▕     }

      [2m+22 vendor frames [22m

  23  app/Console/Commands/CancelUnpaidOrders.php:59
      Illuminate\Database\Eloquent\Builder::get()
      [2m+13 vendor frames [22m

  37  artisan:13
      Illuminate\Foundation\Application::handleCommand()

10.03.2026 20:50:02 — To'lanmagan buyurtmalarni bekor qilish boshlandi...
Bekor qilinadigan buyurtma topilmadi.
10.03.2026 20:55:02 — To'lanmagan buyurtmalarni bekor qilish boshlandi...
Bekor qilinadigan buyurtma topilmadi.
10.03.2026 21:00:02 — To'lanmagan buyurtmalarni bekor qilish boshlandi...
Bekor qilinadigan buyurtma topilmadi.
10.03.2026 21:05:02 — To'lanmagan buyurtmalarni bekor qilish boshlandi...
Bekor qilinadigan buyurtma topilmadi.
10.03.2026 21:10:03 — To'lanmagan buyurtmalarni bekor qilish boshlandi...
Bekor qilinadigan buyurtma topilmadi.
10.03.2026 21:15:02 — To'lanmagan buyurtmalarni bekor qilish boshlandi...
Bekor qilinadigan buyurtma topilmadi.
10.03.2026 21:20:03 — To'lanmagan buyurtmalarni bekor qilish boshlandi...
Bekor qilinadigan buyurtma topilmadi.
10.03.2026 21:25:02 — To'lanmagan buyurtmalarni bekor qilish boshlandi...
Bekor qilinadigan buyurtma topilmadi.
10.03.2026 21:30:02 — To'lanmagan buyurtmalarni bekor qilish boshlandi...
Bekor qilinadigan buyurtma topilmadi.
10.03.2026 21:35:03 — To'lanmagan buyurtmalarni bekor qilish boshlandi...
Bekor qilinadigan buyurtma topilmadi.
10.03.2026 21:40:03 — To'lanmagan buyurtmalarni bekor qilish boshlandi...
Bekor qilinadigan buyurtma topilmadi.
10.03.2026 21:45:02 — To'lanmagan buyurtmalarni bekor qilish boshlandi...

   Illuminate\Database\QueryException 

  SQLSTATE[HY000] [2002] Connection refused (Connection: mysql, SQL: select * from `solds` where `paymentStatus` = 1 and `status` = A and `created_at` < 2026-03-10 20:45:02)

  at vendor/laravel/framework/src/Illuminate/Database/Connection.php:825
    821▕                     $this->getName(), $query, $this->prepareBindings($bindings), $e
    822▕                 );
    823▕             }
    824▕ 
  ➜ 825▕             throw new QueryException(
    826▕                 $this->getName(), $query, $this->prepareBindings($bindings), $e
    827▕             );
    828▕         }
    829▕     }

      [2m+22 vendor frames [22m

  23  app/Console/Commands/CancelUnpaidOrders.php:59
      Illuminate\Database\Eloquent\Builder::get()
      [2m+13 vendor frames [22m

  37  artisan:13
      Illuminate\Foundation\Application::handleCommand()

10.03.2026 21:50:02 — To'lanmagan buyurtmalarni bekor qilish boshlandi...
Bekor qilinadigan buyurtma topilmadi.
10.03.2026 21:55:02 — To'lanmagan buyurtmalarni bekor qilish boshlandi...
Bekor qilinadigan buyurtma topilmadi.
10.03.2026 22:00:03 — To'lanmagan buyurtmalarni bekor qilish boshlandi...
Bekor qilinadigan buyurtma topilmadi.
10.03.2026 22:05:02 — To'lanmagan buyurtmalarni bekor qilish boshlandi...
Bekor qilinadigan buyurtma topilmadi.
10.03.2026 22:10:02 — To'lanmagan buyurtmalarni bekor qilish boshlandi...
Bekor qilinadigan buyurtma topilmadi.
10.03.2026 22:15:03 — To'lanmagan buyurtmalarni bekor qilish boshlandi...
Bekor qilinadigan buyurtma topilmadi.
10.03.2026 22:20:03 — To'lanmagan buyurtmalarni bekor qilish boshlandi...
Bekor qilinadigan buyurtma topilmadi.
10.03.2026 22:25:02 — To'lanmagan buyurtmalarni bekor qilish boshlandi...
Bekor qilinadigan buyurtma topilmadi.
10.03.2026 22:30:03 — To'lanmagan buyurtmalarni bekor qilish boshlandi...
Bekor qilinadigan buyurtma topilmadi.
10.03.2026 22:35:02 — To'lanmagan buyurtmalarni bekor qilish boshlandi...
Bekor qilinadigan buyurtma topilmadi.
10.03.2026 22:40:02 — To'lanmagan buyurtmalarni bekor qilish boshlandi...
Bekor qilinadigan buyurtma topilmadi.
10.03.2026 22:45:03 — To'lanmagan buyurtmalarni bekor qilish boshlandi...

   Illuminate\Database\QueryException 

  SQLSTATE[HY000] [2002] Connection refused (Connection: mysql, SQL: select * from `solds` where `paymentStatus` = 1 and `status` = A and `created_at` < 2026-03-10 21:45:03)

  at vendor/laravel/framework/src/Illuminate/Database/Connection.php:825
    821▕                     $this->getName(), $query, $this->prepareBindings($bindings), $e
    822▕                 );
    823▕             }
    824▕ 
  ➜ 825▕             throw new QueryException(
    826▕                 $this->getName(), $query, $this->prepareBindings($bindings), $e
    827▕             );
    828▕         }
    829▕     }

      [2m+22 vendor frames [22m

  23  app/Console/Commands/CancelUnpaidOrders.php:59
      Illuminate\Database\Eloquent\Builder::get()
      [2m+13 vendor frames [22m

  37  artisan:13
      Illuminate\Foundation\Application::handleCommand()

10.03.2026 22:50:03 — To'lanmagan buyurtmalarni bekor qilish boshlandi...
Bekor qilinadigan buyurtma topilmadi.
10.03.2026 22:55:02 — To'lanmagan buyurtmalarni bekor qilish boshlandi...
Bekor qilinadigan buyurtma topilmadi.
10.03.2026 23:00:03 — To'lanmagan buyurtmalarni bekor qilish boshlandi...
Bekor qilinadigan buyurtma topilmadi.
10.03.2026 23:05:02 — To'lanmagan buyurtmalarni bekor qilish boshlandi...
Bekor qilinadigan buyurtma topilmadi.
10.03.2026 23:10:03 — To'lanmagan buyurtmalarni bekor qilish boshlandi...
Bekor qilinadigan buyurtma topilmadi.
10.03.2026 23:15:02 — To'lanmagan buyurtmalarni bekor qilish boshlandi...
Bekor qilinadigan buyurtma topilmadi.
10.03.2026 23:20:03 — To'lanmagan buyurtmalarni bekor qilish boshlandi...
Bekor qilinadigan buyurtma topilmadi.
10.03.2026 23:25:02 — To'lanmagan buyurtmalarni bekor qilish boshlandi...
Bekor qilinadigan buyurtma topilmadi.
10.03.2026 23:30:03 — To'lanmagan buyurtmalarni bekor qilish boshlandi...
Bekor qilinadigan buyurtma topilmadi.
10.03.2026 23:35:02 — To'lanmagan buyurtmalarni bekor qilish boshlandi...
Bekor qilinadigan buyurtma topilmadi.
10.03.2026 23:40:03 — To'lanmagan buyurtmalarni bekor qilish boshlandi...
Bekor qilinadigan buyurtma topilmadi.
10.03.2026 23:45:02 — To'lanmagan buyurtmalarni bekor qilish boshlandi...

   Illuminate\Database\QueryException 

  SQLSTATE[HY000] [2002] Connection refused (Connection: mysql, SQL: select * from `solds` where `paymentStatus` = 1 and `status` = A and `created_at` < 2026-03-10 22:45:02)

  at vendor/laravel/framework/src/Illuminate/Database/Connection.php:825
    821▕                     $this->getName(), $query, $this->prepareBindings($bindings), $e
    822▕                 );
    823▕             }
    824▕ 
  ➜ 825▕             throw new QueryException(
    826▕                 $this->getName(), $query, $this->prepareBindings($bindings), $e
    827▕             );
    828▕         }
    829▕     }

      [2m+22 vendor frames [22m

  23  app/Console/Commands/CancelUnpaidOrders.php:59
      Illuminate\Database\Eloquent\Builder::get()
      [2m+13 vendor frames [22m

  37  artisan:13
      Illuminate\Foundation\Application::handleCommand()

10.03.2026 23:50:02 — To'lanmagan buyurtmalarni bekor qilish boshlandi...
Bekor qilinadigan buyurtma topilmadi.
10.03.2026 23:55:02 — To'lanmagan buyurtmalarni bekor qilish boshlandi...
Bekor qilinadigan buyurtma topilmadi.
11.03.2026 00:00:02 — To'lanmagan buyurtmalarni bekor qilish boshlandi...
Bekor qilinadigan buyurtma topilmadi.
11.03.2026 00:05:02 — To'lanmagan buyurtmalarni bekor qilish boshlandi...
Bekor qilinadigan buyurtma topilmadi.
11.03.2026 00:10:02 — To'lanmagan buyurtmalarni bekor qilish boshlandi...
Bekor qilinadigan buyurtma topilmadi.
11.03.2026 00:15:03 — To'lanmagan buyurtmalarni bekor qilish boshlandi...
Bekor qilinadigan buyurtma topilmadi.
11.03.2026 00:20:02 — To'lanmagan buyurtmalarni bekor qilish boshlandi...
Bekor qilinadigan buyurtma topilmadi.
11.03.2026 00:25:02 — To'lanmagan buyurtmalarni bekor qilish boshlandi...
Bekor qilinadigan buyurtma topilmadi.
11.03.2026 00:30:03 — To'lanmagan buyurtmalarni bekor qilish boshlandi...
Bekor qilinadigan buyurtma topilmadi.
