10.03.2026 08:00:04 — Savatcha eslatmasi boshlandi [morning]...
Savatchali foydalanuvchilar: 140
  ✓ user #1079 [uz] — 15 ta mahsulot
  ✓ user #1492 [uz] — 1 ta mahsulot
  ✓ user #2 [uz] — 23 ta mahsulot
  ✓ user #1708 [uz] — 1 ta mahsulot
  ✓ user #1710 [uz] — 1 ta mahsulot
  ✓ user #1724 [uz] — 1 ta mahsulot
  ✓ user #1726 [uz] — 1 ta mahsulot
  ✓ user #1734 [uz] — 2 ta mahsulot
  ✓ user #1741 [uz] — 1 ta mahsulot
  ✓ user #1743 [uz] — 1 ta mahsulot
  ✓ user #1744 [uz] — 1 ta mahsulot
  ✓ user #1748 [uz] — 1 ta mahsulot
  ✓ user #1749 [uz] — 1 ta mahsulot
Yuborildi: 13 | O'tkazib yuborildi: 127
10.03.2026 13:00:03 — Savatcha eslatmasi boshlandi [afternoon]...
Savatchali foydalanuvchilar: 143
  ✓ user #1079 [uz] — 15 ta mahsulot
  ✓ user #1492 [uz] — 1 ta mahsulot
  ✓ user #2 [uz] — 23 ta mahsulot
  ✓ user #1708 [uz] — 1 ta mahsulot
  ✓ user #1710 [uz] — 1 ta mahsulot
  ✓ user #1724 [uz] — 1 ta mahsulot
  ✓ user #1726 [uz] — 1 ta mahsulot
  ✓ user #1734 [uz] — 2 ta mahsulot
  ✓ user #1741 [uz] — 1 ta mahsulot
  ✓ user #1743 [uz] — 1 ta mahsulot
  ✓ user #1744 [uz] — 1 ta mahsulot
  ✓ user #1748 [uz] — 1 ta mahsulot
  ✓ user #1749 [uz] — 1 ta mahsulot
  ✓ user #1766 [uz] — 2 ta mahsulot
  ✓ user #1768 [uz] — 1 ta mahsulot
  ✓ user #1770 [uz] — 1 ta mahsulot
Yuborildi: 16 | O'tkazib yuborildi: 127
10.03.2026 19:00:04 — Savatcha eslatmasi boshlandi [evening]...
Savatchali foydalanuvchilar: 145
  ✓ user #1079 [uz] — 15 ta mahsulot
  ✓ user #1492 [uz] — 1 ta mahsulot
  ✓ user #2 [uz] — 23 ta mahsulot
  ✓ user #1708 [uz] — 1 ta mahsulot
  ✓ user #1710 [uz] — 1 ta mahsulot
  ✓ user #1724 [uz] — 1 ta mahsulot
  ✓ user #1726 [uz] — 1 ta mahsulot
  ✓ user #1734 [uz] — 2 ta mahsulot
  ✓ user #1741 [uz] — 1 ta mahsulot
  ✓ user #1743 [uz] — 1 ta mahsulot
  ✓ user #1744 [uz] — 1 ta mahsulot
  ✓ user #1748 [uz] — 1 ta mahsulot
  ✓ user #1749 [uz] — 1 ta mahsulot
  ✓ user #1766 [uz] — 2 ta mahsulot
  ✓ user #1768 [uz] — 1 ta mahsulot
  ✓ user #1772 [uz] — 1 ta mahsulot
  ✓ user #1624 [uz] — 3 ta mahsulot
Yuborildi: 17 | O'tkazib yuborildi: 128
