
   INFO  Starting server on 0.0.0.0:8080 (kitobchi.com).  


   INFO  Starting server on 0.0.0.0:8080 (kitobchi.com).  

   INFO  Gracefully terminating connections.  


   INFO  Starting server on 0.0.0.0:8080 (kitobchi.com).  


   Illuminate\Database\QueryException 

  SQLSTATE[HY000] [2002] Connection refused (Connection: mysql, SQL: select * from `cache` where `key` in (laravel:reverb:restart))

  at /var/www/www-root/data/www/kitobchi.com/vendor/laravel/framework/src/Illuminate/Database/Connection.php:825
    821▕                     $this->getName(), $query, $this->prepareBindings($bindings), $e
    822▕                 );
    823▕             }
    824▕ 
  ➜ 825▕             throw new QueryException(
    826▕                 $this->getName(), $query, $this->prepareBindings($bindings), $e
    827▕             );
    828▕         }
    829▕     }

      [2m+40 vendor frames [22m

  41  /var/www/www-root/data/www/kitobchi.com/artisan:13
      Illuminate\Foundation\Application::handleCommand()


   INFO  Gracefully terminating connections.  


   INFO  Starting server on 0.0.0.0:8080 (kitobchi.com).  


   Illuminate\Database\QueryException 

  SQLSTATE[HY000] [2002] Connection refused (Connection: mysql, SQL: select * from `cache` where `key` in (laravel:reverb:restart))

  at vendor/laravel/framework/src/Illuminate/Database/Connection.php:825
    821▕                     $this->getName(), $query, $this->prepareBindings($bindings), $e
    822▕                 );
    823▕             }
    824▕ 
  ➜ 825▕             throw new QueryException(
    826▕                 $this->getName(), $query, $this->prepareBindings($bindings), $e
    827▕             );
    828▕         }
    829▕     }

      [2m+40 vendor frames [22m

  41  artisan:13
      Illuminate\Foundation\Application::handleCommand()


   INFO  Gracefully terminating connections.  


   INFO  Starting server on 0.0.0.0:8080 (kitobchi.com).  


   Illuminate\Database\QueryException 

  SQLSTATE[HY000] [2002] Connection refused (Connection: mysql, SQL: select * from `cache` where `key` in (laravel:reverb:restart))

  at vendor/laravel/framework/src/Illuminate/Database/Connection.php:825
    821▕                     $this->getName(), $query, $this->prepareBindings($bindings), $e
    822▕                 );
    823▕             }
    824▕ 
  ➜ 825▕             throw new QueryException(
    826▕                 $this->getName(), $query, $this->prepareBindings($bindings), $e
    827▕             );
    828▕         }
    829▕     }

      [2m+40 vendor frames [22m

  41  artisan:13
      Illuminate\Foundation\Application::handleCommand()


   INFO  Gracefully terminating connections.  


   INFO  Starting server on 0.0.0.0:8080 (kitobchi.com).  


   INFO  Starting server on 0.0.0.0:8080 (kitobchi.com).  


   Illuminate\Database\QueryException 

  SQLSTATE[HY000] [2002] Connection refused (Connection: mysql, SQL: select * from `cache` where `key` in (laravel:reverb:restart))

  at vendor/laravel/framework/src/Illuminate/Database/Connection.php:825
    821▕                     $this->getName(), $query, $this->prepareBindings($bindings), $e
    822▕                 );
    823▕             }
    824▕ 
  ➜ 825▕             throw new QueryException(
    826▕                 $this->getName(), $query, $this->prepareBindings($bindings), $e
    827▕             );
    828▕         }
    829▕     }

      [2m+40 vendor frames [22m

  41  artisan:13
      Illuminate\Foundation\Application::handleCommand()

