28.02.2026, 02:00:03To'lanmagan buyurtmalarni avtomatik bekor qilish jarayoni boshlandi...

   Illuminate\Database\QueryException 

  SQLSTATE[HY000] [2002] Connection refused (Connection: mysql, SQL: select * from `solds` where `paymentStatus` = 1 and `status` = A and `created_at` < 2026-02-28 01:00:03)

  at vendor/laravel/framework/src/Illuminate/Database/Connection.php:825
    821▕                     $this->getName(), $query, $this->prepareBindings($bindings), $e
    822▕                 );
    823▕             }
    824▕ 
  ➜ 825▕             throw new QueryException(
    826▕                 $this->getName(), $query, $this->prepareBindings($bindings), $e
    827▕             );
    828▕         }
    829▕     }

      [2m+22 vendor frames [22m

  23  app/Console/Commands/CancelUnpaidOrders.php:32
      Illuminate\Database\Eloquent\Builder::get()
      [2m+13 vendor frames [22m

  37  artisan:13
      Illuminate\Foundation\Application::handleCommand()

28.02.2026, 03:00:02To'lanmagan buyurtmalarni avtomatik bekor qilish jarayoni boshlandi...

   Illuminate\Database\QueryException 

  SQLSTATE[HY000] [2002] Connection refused (Connection: mysql, SQL: select * from `solds` where `paymentStatus` = 1 and `status` = A and `created_at` < 2026-02-28 02:00:02)

  at vendor/laravel/framework/src/Illuminate/Database/Connection.php:825
    821▕                     $this->getName(), $query, $this->prepareBindings($bindings), $e
    822▕                 );
    823▕             }
    824▕ 
  ➜ 825▕             throw new QueryException(
    826▕                 $this->getName(), $query, $this->prepareBindings($bindings), $e
    827▕             );
    828▕         }
    829▕     }

      [2m+22 vendor frames [22m

  23  app/Console/Commands/CancelUnpaidOrders.php:32
      Illuminate\Database\Eloquent\Builder::get()
      [2m+13 vendor frames [22m

  37  artisan:13
      Illuminate\Foundation\Application::handleCommand()

28.02.2026, 04:00:02To'lanmagan buyurtmalarni avtomatik bekor qilish jarayoni boshlandi...

   Illuminate\Database\QueryException 

  SQLSTATE[HY000] [2002] Connection refused (Connection: mysql, SQL: select * from `solds` where `paymentStatus` = 1 and `status` = A and `created_at` < 2026-02-28 03:00:02)

  at vendor/laravel/framework/src/Illuminate/Database/Connection.php:825
    821▕                     $this->getName(), $query, $this->prepareBindings($bindings), $e
    822▕                 );
    823▕             }
    824▕ 
  ➜ 825▕             throw new QueryException(
    826▕                 $this->getName(), $query, $this->prepareBindings($bindings), $e
    827▕             );
    828▕         }
    829▕     }

      [2m+22 vendor frames [22m

  23  app/Console/Commands/CancelUnpaidOrders.php:32
      Illuminate\Database\Eloquent\Builder::get()
      [2m+13 vendor frames [22m

  37  artisan:13
      Illuminate\Foundation\Application::handleCommand()

28.02.2026, 05:00:02To'lanmagan buyurtmalarni avtomatik bekor qilish jarayoni boshlandi...

   Illuminate\Database\QueryException 

  SQLSTATE[HY000] [2002] Connection refused (Connection: mysql, SQL: select * from `solds` where `paymentStatus` = 1 and `status` = A and `created_at` < 2026-02-28 04:00:02)

  at vendor/laravel/framework/src/Illuminate/Database/Connection.php:825
    821▕                     $this->getName(), $query, $this->prepareBindings($bindings), $e
    822▕                 );
    823▕             }
    824▕ 
  ➜ 825▕             throw new QueryException(
    826▕                 $this->getName(), $query, $this->prepareBindings($bindings), $e
    827▕             );
    828▕         }
    829▕     }

      [2m+22 vendor frames [22m

  23  app/Console/Commands/CancelUnpaidOrders.php:32
      Illuminate\Database\Eloquent\Builder::get()
      [2m+13 vendor frames [22m

  37  artisan:13
      Illuminate\Foundation\Application::handleCommand()

28.02.2026, 06:00:02To'lanmagan buyurtmalarni avtomatik bekor qilish jarayoni boshlandi...

   Illuminate\Database\QueryException 

  SQLSTATE[HY000] [2002] Connection refused (Connection: mysql, SQL: select * from `solds` where `paymentStatus` = 1 and `status` = A and `created_at` < 2026-02-28 05:00:02)

  at vendor/laravel/framework/src/Illuminate/Database/Connection.php:825
    821▕                     $this->getName(), $query, $this->prepareBindings($bindings), $e
    822▕                 );
    823▕             }
    824▕ 
  ➜ 825▕             throw new QueryException(
    826▕                 $this->getName(), $query, $this->prepareBindings($bindings), $e
    827▕             );
    828▕         }
    829▕     }

      [2m+22 vendor frames [22m

  23  app/Console/Commands/CancelUnpaidOrders.php:32
      Illuminate\Database\Eloquent\Builder::get()
      [2m+13 vendor frames [22m

  37  artisan:13
      Illuminate\Foundation\Application::handleCommand()

28.02.2026, 07:00:02To'lanmagan buyurtmalarni avtomatik bekor qilish jarayoni boshlandi...

   Illuminate\Database\QueryException 

  SQLSTATE[HY000] [2002] Connection refused (Connection: mysql, SQL: select * from `solds` where `paymentStatus` = 1 and `status` = A and `created_at` < 2026-02-28 06:00:02)

  at vendor/laravel/framework/src/Illuminate/Database/Connection.php:825
    821▕                     $this->getName(), $query, $this->prepareBindings($bindings), $e
    822▕                 );
    823▕             }
    824▕ 
  ➜ 825▕             throw new QueryException(
    826▕                 $this->getName(), $query, $this->prepareBindings($bindings), $e
    827▕             );
    828▕         }
    829▕     }

      [2m+22 vendor frames [22m

  23  app/Console/Commands/CancelUnpaidOrders.php:32
      Illuminate\Database\Eloquent\Builder::get()
      [2m+13 vendor frames [22m

  37  artisan:13
      Illuminate\Foundation\Application::handleCommand()

28.02.2026, 08:00:02To'lanmagan buyurtmalarni avtomatik bekor qilish jarayoni boshlandi...

   Illuminate\Database\QueryException 

  SQLSTATE[HY000] [2002] Connection refused (Connection: mysql, SQL: select * from `solds` where `paymentStatus` = 1 and `status` = A and `created_at` < 2026-02-28 07:00:02)

  at vendor/laravel/framework/src/Illuminate/Database/Connection.php:825
    821▕                     $this->getName(), $query, $this->prepareBindings($bindings), $e
    822▕                 );
    823▕             }
    824▕ 
  ➜ 825▕             throw new QueryException(
    826▕                 $this->getName(), $query, $this->prepareBindings($bindings), $e
    827▕             );
    828▕         }
    829▕     }

      [2m+22 vendor frames [22m

  23  app/Console/Commands/CancelUnpaidOrders.php:32
      Illuminate\Database\Eloquent\Builder::get()
      [2m+13 vendor frames [22m

  37  artisan:13
      Illuminate\Foundation\Application::handleCommand()

28.02.2026, 09:00:02To'lanmagan buyurtmalarni avtomatik bekor qilish jarayoni boshlandi...

   Illuminate\Database\QueryException 

  SQLSTATE[HY000] [2002] Connection refused (Connection: mysql, SQL: select * from `solds` where `paymentStatus` = 1 and `status` = A and `created_at` < 2026-02-28 08:00:02)

  at vendor/laravel/framework/src/Illuminate/Database/Connection.php:825
    821▕                     $this->getName(), $query, $this->prepareBindings($bindings), $e
    822▕                 );
    823▕             }
    824▕ 
  ➜ 825▕             throw new QueryException(
    826▕                 $this->getName(), $query, $this->prepareBindings($bindings), $e
    827▕             );
    828▕         }
    829▕     }

      [2m+22 vendor frames [22m

  23  app/Console/Commands/CancelUnpaidOrders.php:32
      Illuminate\Database\Eloquent\Builder::get()
      [2m+13 vendor frames [22m

  37  artisan:13
      Illuminate\Foundation\Application::handleCommand()

28.02.2026, 10:00:02To'lanmagan buyurtmalarni avtomatik bekor qilish jarayoni boshlandi...

   Illuminate\Database\QueryException 

  SQLSTATE[HY000] [2002] Connection refused (Connection: mysql, SQL: select * from `solds` where `paymentStatus` = 1 and `status` = A and `created_at` < 2026-02-28 09:00:02)

  at vendor/laravel/framework/src/Illuminate/Database/Connection.php:825
    821▕                     $this->getName(), $query, $this->prepareBindings($bindings), $e
    822▕                 );
    823▕             }
    824▕ 
  ➜ 825▕             throw new QueryException(
    826▕                 $this->getName(), $query, $this->prepareBindings($bindings), $e
    827▕             );
    828▕         }
    829▕     }

      [2m+22 vendor frames [22m

  23  app/Console/Commands/CancelUnpaidOrders.php:32
      Illuminate\Database\Eloquent\Builder::get()
      [2m+13 vendor frames [22m

  37  artisan:13
      Illuminate\Foundation\Application::handleCommand()

28.02.2026, 11:00:02To'lanmagan buyurtmalarni avtomatik bekor qilish jarayoni boshlandi...

   Illuminate\Database\QueryException 

  SQLSTATE[HY000] [2002] Connection refused (Connection: mysql, SQL: select * from `solds` where `paymentStatus` = 1 and `status` = A and `created_at` < 2026-02-28 10:00:02)

  at vendor/laravel/framework/src/Illuminate/Database/Connection.php:825
    821▕                     $this->getName(), $query, $this->prepareBindings($bindings), $e
    822▕                 );
    823▕             }
    824▕ 
  ➜ 825▕             throw new QueryException(
    826▕                 $this->getName(), $query, $this->prepareBindings($bindings), $e
    827▕             );
    828▕         }
    829▕     }

      [2m+22 vendor frames [22m

  23  app/Console/Commands/CancelUnpaidOrders.php:32
      Illuminate\Database\Eloquent\Builder::get()
      [2m+13 vendor frames [22m

  37  artisan:13
      Illuminate\Foundation\Application::handleCommand()

28.02.2026, 12:00:02To'lanmagan buyurtmalarni avtomatik bekor qilish jarayoni boshlandi...

   Illuminate\Database\QueryException 

  SQLSTATE[HY000] [2002] Connection refused (Connection: mysql, SQL: select * from `solds` where `paymentStatus` = 1 and `status` = A and `created_at` < 2026-02-28 11:00:02)

  at vendor/laravel/framework/src/Illuminate/Database/Connection.php:825
    821▕                     $this->getName(), $query, $this->prepareBindings($bindings), $e
    822▕                 );
    823▕             }
    824▕ 
  ➜ 825▕             throw new QueryException(
    826▕                 $this->getName(), $query, $this->prepareBindings($bindings), $e
    827▕             );
    828▕         }
    829▕     }

      [2m+22 vendor frames [22m

  23  app/Console/Commands/CancelUnpaidOrders.php:32
      Illuminate\Database\Eloquent\Builder::get()
      [2m+13 vendor frames [22m

  37  artisan:13
      Illuminate\Foundation\Application::handleCommand()

28.02.2026, 01:00:02To'lanmagan buyurtmalarni avtomatik bekor qilish jarayoni boshlandi...

   Illuminate\Database\QueryException 

  SQLSTATE[HY000] [2002] Connection refused (Connection: mysql, SQL: select * from `solds` where `paymentStatus` = 1 and `status` = A and `created_at` < 2026-02-28 12:00:02)

  at vendor/laravel/framework/src/Illuminate/Database/Connection.php:825
    821▕                     $this->getName(), $query, $this->prepareBindings($bindings), $e
    822▕                 );
    823▕             }
    824▕ 
  ➜ 825▕             throw new QueryException(
    826▕                 $this->getName(), $query, $this->prepareBindings($bindings), $e
    827▕             );
    828▕         }
    829▕     }

      [2m+22 vendor frames [22m

  23  app/Console/Commands/CancelUnpaidOrders.php:32
      Illuminate\Database\Eloquent\Builder::get()
      [2m+13 vendor frames [22m

  37  artisan:13
      Illuminate\Foundation\Application::handleCommand()

28.02.2026, 02:00:02To'lanmagan buyurtmalarni avtomatik bekor qilish jarayoni boshlandi...

   Illuminate\Database\QueryException 

  SQLSTATE[HY000] [2002] Connection refused (Connection: mysql, SQL: select * from `solds` where `paymentStatus` = 1 and `status` = A and `created_at` < 2026-02-28 13:00:02)

  at vendor/laravel/framework/src/Illuminate/Database/Connection.php:825
    821▕                     $this->getName(), $query, $this->prepareBindings($bindings), $e
    822▕                 );
    823▕             }
    824▕ 
  ➜ 825▕             throw new QueryException(
    826▕                 $this->getName(), $query, $this->prepareBindings($bindings), $e
    827▕             );
    828▕         }
    829▕     }

      [2m+22 vendor frames [22m

  23  app/Console/Commands/CancelUnpaidOrders.php:32
      Illuminate\Database\Eloquent\Builder::get()
      [2m+13 vendor frames [22m

  37  artisan:13
      Illuminate\Foundation\Application::handleCommand()

28.02.2026, 03:00:02To'lanmagan buyurtmalarni avtomatik bekor qilish jarayoni boshlandi...

   Illuminate\Database\QueryException 

  SQLSTATE[HY000] [2002] Connection refused (Connection: mysql, SQL: select * from `solds` where `paymentStatus` = 1 and `status` = A and `created_at` < 2026-02-28 14:00:02)

  at vendor/laravel/framework/src/Illuminate/Database/Connection.php:825
    821▕                     $this->getName(), $query, $this->prepareBindings($bindings), $e
    822▕                 );
    823▕             }
    824▕ 
  ➜ 825▕             throw new QueryException(
    826▕                 $this->getName(), $query, $this->prepareBindings($bindings), $e
    827▕             );
    828▕         }
    829▕     }

      [2m+22 vendor frames [22m

  23  app/Console/Commands/CancelUnpaidOrders.php:32
      Illuminate\Database\Eloquent\Builder::get()
      [2m+13 vendor frames [22m

  37  artisan:13
      Illuminate\Foundation\Application::handleCommand()

28.02.2026, 04:00:02To'lanmagan buyurtmalarni avtomatik bekor qilish jarayoni boshlandi...

   Illuminate\Database\QueryException 

  SQLSTATE[HY000] [2002] Connection refused (Connection: mysql, SQL: select * from `solds` where `paymentStatus` = 1 and `status` = A and `created_at` < 2026-02-28 15:00:02)

  at vendor/laravel/framework/src/Illuminate/Database/Connection.php:825
    821▕                     $this->getName(), $query, $this->prepareBindings($bindings), $e
    822▕                 );
    823▕             }
    824▕ 
  ➜ 825▕             throw new QueryException(
    826▕                 $this->getName(), $query, $this->prepareBindings($bindings), $e
    827▕             );
    828▕         }
    829▕     }

      [2m+22 vendor frames [22m

  23  app/Console/Commands/CancelUnpaidOrders.php:32
      Illuminate\Database\Eloquent\Builder::get()
      [2m+13 vendor frames [22m

  37  artisan:13
      Illuminate\Foundation\Application::handleCommand()

28.02.2026, 05:00:02To'lanmagan buyurtmalarni avtomatik bekor qilish jarayoni boshlandi...

   Illuminate\Database\QueryException 

  SQLSTATE[HY000] [2002] Connection refused (Connection: mysql, SQL: select * from `solds` where `paymentStatus` = 1 and `status` = A and `created_at` < 2026-02-28 16:00:02)

  at vendor/laravel/framework/src/Illuminate/Database/Connection.php:825
    821▕                     $this->getName(), $query, $this->prepareBindings($bindings), $e
    822▕                 );
    823▕             }
    824▕ 
  ➜ 825▕             throw new QueryException(
    826▕                 $this->getName(), $query, $this->prepareBindings($bindings), $e
    827▕             );
    828▕         }
    829▕     }

      [2m+22 vendor frames [22m

  23  app/Console/Commands/CancelUnpaidOrders.php:32
      Illuminate\Database\Eloquent\Builder::get()
      [2m+13 vendor frames [22m

  37  artisan:13
      Illuminate\Foundation\Application::handleCommand()

28.02.2026, 06:00:02To'lanmagan buyurtmalarni avtomatik bekor qilish jarayoni boshlandi...

   Illuminate\Database\QueryException 

  SQLSTATE[HY000] [2002] Connection refused (Connection: mysql, SQL: select * from `solds` where `paymentStatus` = 1 and `status` = A and `created_at` < 2026-02-28 17:00:02)

  at vendor/laravel/framework/src/Illuminate/Database/Connection.php:825
    821▕                     $this->getName(), $query, $this->prepareBindings($bindings), $e
    822▕                 );
    823▕             }
    824▕ 
  ➜ 825▕             throw new QueryException(
    826▕                 $this->getName(), $query, $this->prepareBindings($bindings), $e
    827▕             );
    828▕         }
    829▕     }

      [2m+22 vendor frames [22m

  23  app/Console/Commands/CancelUnpaidOrders.php:32
      Illuminate\Database\Eloquent\Builder::get()
      [2m+13 vendor frames [22m

  37  artisan:13
      Illuminate\Foundation\Application::handleCommand()

28.02.2026, 07:00:02To'lanmagan buyurtmalarni avtomatik bekor qilish jarayoni boshlandi...

   Illuminate\Database\QueryException 

  SQLSTATE[HY000] [2002] Connection refused (Connection: mysql, SQL: select * from `solds` where `paymentStatus` = 1 and `status` = A and `created_at` < 2026-02-28 18:00:02)

  at vendor/laravel/framework/src/Illuminate/Database/Connection.php:825
    821▕                     $this->getName(), $query, $this->prepareBindings($bindings), $e
    822▕                 );
    823▕             }
    824▕ 
  ➜ 825▕             throw new QueryException(
    826▕                 $this->getName(), $query, $this->prepareBindings($bindings), $e
    827▕             );
    828▕         }
    829▕     }

      [2m+22 vendor frames [22m

  23  app/Console/Commands/CancelUnpaidOrders.php:32
      Illuminate\Database\Eloquent\Builder::get()
      [2m+13 vendor frames [22m

  37  artisan:13
      Illuminate\Foundation\Application::handleCommand()

28.02.2026, 08:00:02To'lanmagan buyurtmalarni avtomatik bekor qilish jarayoni boshlandi...

   Illuminate\Database\QueryException 

  SQLSTATE[HY000] [2002] Connection refused (Connection: mysql, SQL: select * from `solds` where `paymentStatus` = 1 and `status` = A and `created_at` < 2026-02-28 19:00:02)

  at vendor/laravel/framework/src/Illuminate/Database/Connection.php:825
    821▕                     $this->getName(), $query, $this->prepareBindings($bindings), $e
    822▕                 );
    823▕             }
    824▕ 
  ➜ 825▕             throw new QueryException(
    826▕                 $this->getName(), $query, $this->prepareBindings($bindings), $e
    827▕             );
    828▕         }
    829▕     }

      [2m+22 vendor frames [22m

  23  app/Console/Commands/CancelUnpaidOrders.php:32
      Illuminate\Database\Eloquent\Builder::get()
      [2m+13 vendor frames [22m

  37  artisan:13
      Illuminate\Foundation\Application::handleCommand()

28.02.2026, 09:00:02To'lanmagan buyurtmalarni avtomatik bekor qilish jarayoni boshlandi...
Topilgan buyurtmalar soni: 5

   PDOException 

  SQLSTATE[HY000]: General error: 2006 MySQL server has gone away

  at vendor/laravel/framework/src/Illuminate/Database/Concerns/ManagesTransactions.php:297
    293▕         if ($toLevel == 0) {
    294▕             $pdo = $this->getPdo();
    295▕ 
    296▕             if ($pdo->inTransaction()) {
  ➜ 297▕                 $pdo->rollBack();
    298▕             }
    299▕         } elseif ($this->queryGrammar->supportsSavepoints()) {
    300▕             $this->getPdo()->exec(
    301▕                 $this->queryGrammar->compileSavepointRollBack('trans'.($toLevel + 1))

      [2m+4 vendor frames [22m

  5   app/Console/Commands/CancelUnpaidOrders.php:94
      Illuminate\Support\Facades\Facade::__callStatic()
      [2m+13 vendor frames [22m

  19  artisan:13
      Illuminate\Foundation\Application::handleCommand()

28.02.2026, 10:00:03To'lanmagan buyurtmalarni avtomatik bekor qilish jarayoni boshlandi...

   Illuminate\Database\QueryException 

  SQLSTATE[HY000] [2002] Connection refused (Connection: mysql, SQL: select * from `solds` where `paymentStatus` = 1 and `status` = A and `created_at` < 2026-02-28 21:00:03)

  at vendor/laravel/framework/src/Illuminate/Database/Connection.php:825
    821▕                     $this->getName(), $query, $this->prepareBindings($bindings), $e
    822▕                 );
    823▕             }
    824▕ 
  ➜ 825▕             throw new QueryException(
    826▕                 $this->getName(), $query, $this->prepareBindings($bindings), $e
    827▕             );
    828▕         }
    829▕     }

      [2m+22 vendor frames [22m

  23  app/Console/Commands/CancelUnpaidOrders.php:32
      Illuminate\Database\Eloquent\Builder::get()
      [2m+13 vendor frames [22m

  37  artisan:13
      Illuminate\Foundation\Application::handleCommand()

28.02.2026, 11:00:02To'lanmagan buyurtmalarni avtomatik bekor qilish jarayoni boshlandi...

   Illuminate\Database\QueryException 

  SQLSTATE[HY000] [2002] Connection refused (Connection: mysql, SQL: select * from `solds` where `paymentStatus` = 1 and `status` = A and `created_at` < 2026-02-28 22:00:02)

  at vendor/laravel/framework/src/Illuminate/Database/Connection.php:825
    821▕                     $this->getName(), $query, $this->prepareBindings($bindings), $e
    822▕                 );
    823▕             }
    824▕ 
  ➜ 825▕             throw new QueryException(
    826▕                 $this->getName(), $query, $this->prepareBindings($bindings), $e
    827▕             );
    828▕         }
    829▕     }

      [2m+22 vendor frames [22m

  23  app/Console/Commands/CancelUnpaidOrders.php:32
      Illuminate\Database\Eloquent\Builder::get()
      [2m+13 vendor frames [22m

  37  artisan:13
      Illuminate\Foundation\Application::handleCommand()

01.03.2026, 12:00:03To'lanmagan buyurtmalarni avtomatik bekor qilish jarayoni boshlandi...

   Illuminate\Database\QueryException 

  SQLSTATE[HY000] [2002] Connection refused (Connection: mysql, SQL: select * from `solds` where `paymentStatus` = 1 and `status` = A and `created_at` < 2026-02-28 23:00:03)

  at vendor/laravel/framework/src/Illuminate/Database/Connection.php:825
    821▕                     $this->getName(), $query, $this->prepareBindings($bindings), $e
    822▕                 );
    823▕             }
    824▕ 
  ➜ 825▕             throw new QueryException(
    826▕                 $this->getName(), $query, $this->prepareBindings($bindings), $e
    827▕             );
    828▕         }
    829▕     }

      [2m+22 vendor frames [22m

  23  app/Console/Commands/CancelUnpaidOrders.php:32
      Illuminate\Database\Eloquent\Builder::get()
      [2m+13 vendor frames [22m

  37  artisan:13
      Illuminate\Foundation\Application::handleCommand()

01.03.2026, 01:00:02To'lanmagan buyurtmalarni avtomatik bekor qilish jarayoni boshlandi...

   Illuminate\Database\QueryException 

  SQLSTATE[HY000] [2002] Connection refused (Connection: mysql, SQL: select * from `solds` where `paymentStatus` = 1 and `status` = A and `created_at` < 2026-03-01 00:00:02)

  at vendor/laravel/framework/src/Illuminate/Database/Connection.php:825
    821▕                     $this->getName(), $query, $this->prepareBindings($bindings), $e
    822▕                 );
    823▕             }
    824▕ 
  ➜ 825▕             throw new QueryException(
    826▕                 $this->getName(), $query, $this->prepareBindings($bindings), $e
    827▕             );
    828▕         }
    829▕     }

      [2m+22 vendor frames [22m

  23  app/Console/Commands/CancelUnpaidOrders.php:32
      Illuminate\Database\Eloquent\Builder::get()
      [2m+13 vendor frames [22m

  37  artisan:13
      Illuminate\Foundation\Application::handleCommand()

01.03.2026, 02:05:02To'lanmagan buyurtmalarni avtomatik bekor qilish jarayoni boshlandi...
Bekor qilinadigan buyurtma topilmadi.
01.03.2026, 03:05:02To'lanmagan buyurtmalarni avtomatik bekor qilish jarayoni boshlandi...
Bekor qilinadigan buyurtma topilmadi.
01.03.2026, 04:05:02To'lanmagan buyurtmalarni avtomatik bekor qilish jarayoni boshlandi...
Bekor qilinadigan buyurtma topilmadi.
01.03.2026, 05:05:02To'lanmagan buyurtmalarni avtomatik bekor qilish jarayoni boshlandi...
Bekor qilinadigan buyurtma topilmadi.
01.03.2026, 06:05:02To'lanmagan buyurtmalarni avtomatik bekor qilish jarayoni boshlandi...
Bekor qilinadigan buyurtma topilmadi.
01.03.2026, 07:05:01To'lanmagan buyurtmalarni avtomatik bekor qilish jarayoni boshlandi...
Bekor qilinadigan buyurtma topilmadi.
01.03.2026, 08:05:02To'lanmagan buyurtmalarni avtomatik bekor qilish jarayoni boshlandi...
Bekor qilinadigan buyurtma topilmadi.
01.03.2026, 09:05:02To'lanmagan buyurtmalarni avtomatik bekor qilish jarayoni boshlandi...
Bekor qilinadigan buyurtma topilmadi.
01.03.2026, 10:05:02To'lanmagan buyurtmalarni avtomatik bekor qilish jarayoni boshlandi...
Bekor qilinadigan buyurtma topilmadi.
01.03.2026, 11:05:01To'lanmagan buyurtmalarni avtomatik bekor qilish jarayoni boshlandi...
Bekor qilinadigan buyurtma topilmadi.
01.03.2026, 12:05:02To'lanmagan buyurtmalarni avtomatik bekor qilish jarayoni boshlandi...
Bekor qilinadigan buyurtma topilmadi.
01.03.2026, 01:05:02To'lanmagan buyurtmalarni avtomatik bekor qilish jarayoni boshlandi...
Bekor qilinadigan buyurtma topilmadi.
01.03.2026, 02:05:02To'lanmagan buyurtmalarni avtomatik bekor qilish jarayoni boshlandi...
Bekor qilinadigan buyurtma topilmadi.
01.03.2026, 03:05:01To'lanmagan buyurtmalarni avtomatik bekor qilish jarayoni boshlandi...
Bekor qilinadigan buyurtma topilmadi.
01.03.2026, 04:05:02To'lanmagan buyurtmalarni avtomatik bekor qilish jarayoni boshlandi...
Bekor qilinadigan buyurtma topilmadi.
01.03.2026, 05:05:01To'lanmagan buyurtmalarni avtomatik bekor qilish jarayoni boshlandi...
Bekor qilinadigan buyurtma topilmadi.
01.03.2026, 06:05:02To'lanmagan buyurtmalarni avtomatik bekor qilish jarayoni boshlandi...
Bekor qilinadigan buyurtma topilmadi.
01.03.2026, 07:05:01To'lanmagan buyurtmalarni avtomatik bekor qilish jarayoni boshlandi...
Bekor qilinadigan buyurtma topilmadi.
01.03.2026, 08:05:02To'lanmagan buyurtmalarni avtomatik bekor qilish jarayoni boshlandi...
Bekor qilinadigan buyurtma topilmadi.
01.03.2026, 09:05:02To'lanmagan buyurtmalarni avtomatik bekor qilish jarayoni boshlandi...
Bekor qilinadigan buyurtma topilmadi.
01.03.2026, 10:05:02To'lanmagan buyurtmalarni avtomatik bekor qilish jarayoni boshlandi...
Bekor qilinadigan buyurtma topilmadi.
01.03.2026, 11:05:02To'lanmagan buyurtmalarni avtomatik bekor qilish jarayoni boshlandi...
Bekor qilinadigan buyurtma topilmadi.
02.03.2026, 12:05:02To'lanmagan buyurtmalarni avtomatik bekor qilish jarayoni boshlandi...
Bekor qilinadigan buyurtma topilmadi.
02.03.2026, 01:05:02To'lanmagan buyurtmalarni avtomatik bekor qilish jarayoni boshlandi...
Bekor qilinadigan buyurtma topilmadi.
02.03.2026, 02:05:02To'lanmagan buyurtmalarni avtomatik bekor qilish jarayoni boshlandi...
Bekor qilinadigan buyurtma topilmadi.
02.03.2026, 03:05:02To'lanmagan buyurtmalarni avtomatik bekor qilish jarayoni boshlandi...
Bekor qilinadigan buyurtma topilmadi.
02.03.2026, 04:05:02To'lanmagan buyurtmalarni avtomatik bekor qilish jarayoni boshlandi...
Bekor qilinadigan buyurtma topilmadi.
02.03.2026, 05:05:02To'lanmagan buyurtmalarni avtomatik bekor qilish jarayoni boshlandi...
Bekor qilinadigan buyurtma topilmadi.
02.03.2026, 06:05:02To'lanmagan buyurtmalarni avtomatik bekor qilish jarayoni boshlandi...
Bekor qilinadigan buyurtma topilmadi.
02.03.2026, 07:05:02To'lanmagan buyurtmalarni avtomatik bekor qilish jarayoni boshlandi...
Bekor qilinadigan buyurtma topilmadi.
02.03.2026, 08:05:03To'lanmagan buyurtmalarni avtomatik bekor qilish jarayoni boshlandi...
Topilgan buyurtmalar soni: 1
Buyurtma #47 avtomatik bekor qilindi.
Jarayon tugadi.
02.03.2026, 09:05:02To'lanmagan buyurtmalarni avtomatik bekor qilish jarayoni boshlandi...
Bekor qilinadigan buyurtma topilmadi.
02.03.2026, 10:05:02To'lanmagan buyurtmalarni avtomatik bekor qilish jarayoni boshlandi...
Bekor qilinadigan buyurtma topilmadi.
02.03.2026, 11:05:02To'lanmagan buyurtmalarni avtomatik bekor qilish jarayoni boshlandi...
Bekor qilinadigan buyurtma topilmadi.
02.03.2026, 12:05:02To'lanmagan buyurtmalarni avtomatik bekor qilish jarayoni boshlandi...
Bekor qilinadigan buyurtma topilmadi.
02.03.2026, 01:05:02To'lanmagan buyurtmalarni avtomatik bekor qilish jarayoni boshlandi...
Bekor qilinadigan buyurtma topilmadi.
02.03.2026, 02:05:02To'lanmagan buyurtmalarni avtomatik bekor qilish jarayoni boshlandi...
Bekor qilinadigan buyurtma topilmadi.
02.03.2026, 03:05:02To'lanmagan buyurtmalarni avtomatik bekor qilish jarayoni boshlandi...
Bekor qilinadigan buyurtma topilmadi.
02.03.2026, 04:05:02To'lanmagan buyurtmalarni avtomatik bekor qilish jarayoni boshlandi...
Bekor qilinadigan buyurtma topilmadi.
02.03.2026, 05:05:02To'lanmagan buyurtmalarni avtomatik bekor qilish jarayoni boshlandi...
Bekor qilinadigan buyurtma topilmadi.
02.03.2026, 06:05:02To'lanmagan buyurtmalarni avtomatik bekor qilish jarayoni boshlandi...
Bekor qilinadigan buyurtma topilmadi.
02.03.2026, 07:05:02To'lanmagan buyurtmalarni avtomatik bekor qilish jarayoni boshlandi...
Bekor qilinadigan buyurtma topilmadi.
02.03.2026, 08:05:02To'lanmagan buyurtmalarni avtomatik bekor qilish jarayoni boshlandi...
Bekor qilinadigan buyurtma topilmadi.
02.03.2026, 09:05:02To'lanmagan buyurtmalarni avtomatik bekor qilish jarayoni boshlandi...
Bekor qilinadigan buyurtma topilmadi.
02.03.2026, 10:05:02To'lanmagan buyurtmalarni avtomatik bekor qilish jarayoni boshlandi...
Bekor qilinadigan buyurtma topilmadi.
02.03.2026, 11:05:02To'lanmagan buyurtmalarni avtomatik bekor qilish jarayoni boshlandi...
Bekor qilinadigan buyurtma topilmadi.
03.03.2026, 12:05:02To'lanmagan buyurtmalarni avtomatik bekor qilish jarayoni boshlandi...
Bekor qilinadigan buyurtma topilmadi.
03.03.2026, 01:05:02To'lanmagan buyurtmalarni avtomatik bekor qilish jarayoni boshlandi...
Bekor qilinadigan buyurtma topilmadi.
03.03.2026, 02:05:02To'lanmagan buyurtmalarni avtomatik bekor qilish jarayoni boshlandi...
Bekor qilinadigan buyurtma topilmadi.
03.03.2026, 03:05:02To'lanmagan buyurtmalarni avtomatik bekor qilish jarayoni boshlandi...
Bekor qilinadigan buyurtma topilmadi.
03.03.2026, 04:05:02To'lanmagan buyurtmalarni avtomatik bekor qilish jarayoni boshlandi...
Bekor qilinadigan buyurtma topilmadi.
03.03.2026, 05:05:02To'lanmagan buyurtmalarni avtomatik bekor qilish jarayoni boshlandi...
Bekor qilinadigan buyurtma topilmadi.
03.03.2026, 06:05:02To'lanmagan buyurtmalarni avtomatik bekor qilish jarayoni boshlandi...
Bekor qilinadigan buyurtma topilmadi.
03.03.2026, 07:05:02To'lanmagan buyurtmalarni avtomatik bekor qilish jarayoni boshlandi...
Bekor qilinadigan buyurtma topilmadi.
03.03.2026, 08:05:02To'lanmagan buyurtmalarni avtomatik bekor qilish jarayoni boshlandi...
Bekor qilinadigan buyurtma topilmadi.
03.03.2026, 09:05:02To'lanmagan buyurtmalarni avtomatik bekor qilish jarayoni boshlandi...
Bekor qilinadigan buyurtma topilmadi.
03.03.2026, 10:05:02To'lanmagan buyurtmalarni avtomatik bekor qilish jarayoni boshlandi...
Bekor qilinadigan buyurtma topilmadi.
03.03.2026, 11:05:02To'lanmagan buyurtmalarni avtomatik bekor qilish jarayoni boshlandi...
Bekor qilinadigan buyurtma topilmadi.
03.03.2026, 12:05:02To'lanmagan buyurtmalarni avtomatik bekor qilish jarayoni boshlandi...
Bekor qilinadigan buyurtma topilmadi.
03.03.2026, 01:05:02To'lanmagan buyurtmalarni avtomatik bekor qilish jarayoni boshlandi...
Bekor qilinadigan buyurtma topilmadi.
03.03.2026, 02:05:02To'lanmagan buyurtmalarni avtomatik bekor qilish jarayoni boshlandi...
Bekor qilinadigan buyurtma topilmadi.
03.03.2026, 03:05:02To'lanmagan buyurtmalarni avtomatik bekor qilish jarayoni boshlandi...
Bekor qilinadigan buyurtma topilmadi.
03.03.2026, 04:05:02To'lanmagan buyurtmalarni avtomatik bekor qilish jarayoni boshlandi...
Bekor qilinadigan buyurtma topilmadi.
03.03.2026, 05:05:02To'lanmagan buyurtmalarni avtomatik bekor qilish jarayoni boshlandi...
Bekor qilinadigan buyurtma topilmadi.
03.03.2026, 06:05:02To'lanmagan buyurtmalarni avtomatik bekor qilish jarayoni boshlandi...
Bekor qilinadigan buyurtma topilmadi.
03.03.2026, 07:05:02To'lanmagan buyurtmalarni avtomatik bekor qilish jarayoni boshlandi...
Bekor qilinadigan buyurtma topilmadi.
03.03.2026, 08:05:02To'lanmagan buyurtmalarni avtomatik bekor qilish jarayoni boshlandi...
Bekor qilinadigan buyurtma topilmadi.
03.03.2026, 09:05:02To'lanmagan buyurtmalarni avtomatik bekor qilish jarayoni boshlandi...
Bekor qilinadigan buyurtma topilmadi.
03.03.2026, 10:05:02To'lanmagan buyurtmalarni avtomatik bekor qilish jarayoni boshlandi...
Bekor qilinadigan buyurtma topilmadi.
03.03.2026, 11:05:02To'lanmagan buyurtmalarni avtomatik bekor qilish jarayoni boshlandi...
Bekor qilinadigan buyurtma topilmadi.
