📚 Kitoblar: 453 ta

   1/453 [░░░░░░░░░░░░░░░░░░░░░░░░░░░░]   0%
   2/453 [░░░░░░░░░░░░░░░░░░░░░░░░░░░░]   0%
   5/453 [░░░░░░░░░░░░░░░░░░░░░░░░░░░░]   1%
   8/453 [░░░░░░░░░░░░░░░░░░░░░░░░░░░░]   1%
  11/453 [░░░░░░░░░░░░░░░░░░░░░░░░░░░░]   2%
  14/453 [░░░░░░░░░░░░░░░░░░░░░░░░░░░░]   3%
  17/453 [▓░░░░░░░░░░░░░░░░░░░░░░░░░░░]   3%
  20/453 [▓░░░░░░░░░░░░░░░░░░░░░░░░░░░]   4%
  24/453 [▓░░░░░░░░░░░░░░░░░░░░░░░░░░░]   5%
  27/453 [▓░░░░░░░░░░░░░░░░░░░░░░░░░░░]   5%
  30/453 [▓░░░░░░░░░░░░░░░░░░░░░░░░░░░]   6%
  33/453 [▓▓░░░░░░░░░░░░░░░░░░░░░░░░░░]   7%
  36/453 [▓▓░░░░░░░░░░░░░░░░░░░░░░░░░░]   7%
  39/453 [▓▓░░░░░░░░░░░░░░░░░░░░░░░░░░]   8%
  42/453 [▓▓░░░░░░░░░░░░░░░░░░░░░░░░░░]   9%
  45/453 [▓▓░░░░░░░░░░░░░░░░░░░░░░░░░░]   9%
  46/453 [▓▓░░░░░░░░░░░░░░░░░░░░░░░░░░]  10%
  49/453 [▓▓▓░░░░░░░░░░░░░░░░░░░░░░░░░]  10%
  52/453 [▓▓▓░░░░░░░░░░░░░░░░░░░░░░░░░]  11%
  56/453 [▓▓▓░░░░░░░░░░░░░░░░░░░░░░░░░]  12%
  59/453 [▓▓▓░░░░░░░░░░░░░░░░░░░░░░░░░]  13%
  62/453 [▓▓▓░░░░░░░░░░░░░░░░░░░░░░░░░]  13%
  65/453 [▓▓▓▓░░░░░░░░░░░░░░░░░░░░░░░░]  14%
  68/453 [▓▓▓▓░░░░░░░░░░░░░░░░░░░░░░░░]  15%
  71/453 [▓▓▓▓░░░░░░░░░░░░░░░░░░░░░░░░]  15%
  74/453 [▓▓▓▓░░░░░░░░░░░░░░░░░░░░░░░░]  16%
  77/453 [▓▓▓▓░░░░░░░░░░░░░░░░░░░░░░░░]  16%
  80/453 [▓▓▓▓░░░░░░░░░░░░░░░░░░░░░░░░]  17%
  83/453 [▓▓▓▓▓░░░░░░░░░░░░░░░░░░░░░░░]  18%
  86/453 [▓▓▓▓▓░░░░░░░░░░░░░░░░░░░░░░░]  18%
  89/453 [▓▓▓▓▓░░░░░░░░░░░░░░░░░░░░░░░]  19%
  91/453 [▓▓▓▓▓░░░░░░░░░░░░░░░░░░░░░░░]  20%
  94/453 [▓▓▓▓▓░░░░░░░░░░░░░░░░░░░░░░░]  20%
  97/453 [▓▓▓▓▓░░░░░░░░░░░░░░░░░░░░░░░]  21%
 100/453 [▓▓▓▓▓▓░░░░░░░░░░░░░░░░░░░░░░]  22%
 103/453 [▓▓▓▓▓▓░░░░░░░░░░░░░░░░░░░░░░]  22%
 106/453 [▓▓▓▓▓▓░░░░░░░░░░░░░░░░░░░░░░]  23%
 109/453 [▓▓▓▓▓▓░░░░░░░░░░░░░░░░░░░░░░]  24%
 112/453 [▓▓▓▓▓▓░░░░░░░░░░░░░░░░░░░░░░]  24%
 115/453 [▓▓▓▓▓▓▓░░░░░░░░░░░░░░░░░░░░░]  25%
 118/453 [▓▓▓▓▓▓▓░░░░░░░░░░░░░░░░░░░░░]  26%
 121/453 [▓▓▓▓▓▓▓░░░░░░░░░░░░░░░░░░░░░]  26%
 125/453 [▓▓▓▓▓▓▓░░░░░░░░░░░░░░░░░░░░░]  27%
 128/453 [▓▓▓▓▓▓▓░░░░░░░░░░░░░░░░░░░░░]  28%
 131/453 [▓▓▓▓▓▓▓▓░░░░░░░░░░░░░░░░░░░░]  28%
 134/453 [▓▓▓▓▓▓▓▓░░░░░░░░░░░░░░░░░░░░]  29%
 136/453 [▓▓▓▓▓▓▓▓░░░░░░░░░░░░░░░░░░░░]  30%
 139/453 [▓▓▓▓▓▓▓▓░░░░░░░░░░░░░░░░░░░░]  30%
 142/453 [▓▓▓▓▓▓▓▓░░░░░░░░░░░░░░░░░░░░]  31%
 146/453 [▓▓▓▓▓▓▓▓▓░░░░░░░░░░░░░░░░░░░]  32%
 149/453 [▓▓▓▓▓▓▓▓▓░░░░░░░░░░░░░░░░░░░]  32%
 152/453 [▓▓▓▓▓▓▓▓▓░░░░░░░░░░░░░░░░░░░]  33%
 156/453 [▓▓▓▓▓▓▓▓▓░░░░░░░░░░░░░░░░░░░]  34%
 159/453 [▓▓▓▓▓▓▓▓▓░░░░░░░░░░░░░░░░░░░]  35%
 162/453 [▓▓▓▓▓▓▓▓▓▓░░░░░░░░░░░░░░░░░░]  35%
 165/453 [▓▓▓▓▓▓▓▓▓▓░░░░░░░░░░░░░░░░░░]  36%
 168/453 [▓▓▓▓▓▓▓▓▓▓░░░░░░░░░░░░░░░░░░]  37%
 171/453 [▓▓▓▓▓▓▓▓▓▓░░░░░░░░░░░░░░░░░░]  37%
 174/453 [▓▓▓▓▓▓▓▓▓▓░░░░░░░░░░░░░░░░░░]  38%
 177/453 [▓▓▓▓▓▓▓▓▓▓░░░░░░░░░░░░░░░░░░]  39%
 180/453 [▓▓▓▓▓▓▓▓▓▓▓░░░░░░░░░░░░░░░░░]  39%
 182/453 [▓▓▓▓▓▓▓▓▓▓▓░░░░░░░░░░░░░░░░░]  40%
 185/453 [▓▓▓▓▓▓▓▓▓▓▓░░░░░░░░░░░░░░░░░]  40%
 188/453 [▓▓▓▓▓▓▓▓▓▓▓░░░░░░░░░░░░░░░░░]  41%
 191/453 [▓▓▓▓▓▓▓▓▓▓▓░░░░░░░░░░░░░░░░░]  42%
 194/453 [▓▓▓▓▓▓▓▓▓▓▓░░░░░░░░░░░░░░░░░]  42%
 197/453 [▓▓▓▓▓▓▓▓▓▓▓▓░░░░░░░░░░░░░░░░]  43%
 200/453 [▓▓▓▓▓▓▓▓▓▓▓▓░░░░░░░░░░░░░░░░]  44%
 203/453 [▓▓▓▓▓▓▓▓▓▓▓▓░░░░░░░░░░░░░░░░]  44%
 206/453 [▓▓▓▓▓▓▓▓▓▓▓▓░░░░░░░░░░░░░░░░]  45%
 209/453 [▓▓▓▓▓▓▓▓▓▓▓▓░░░░░░░░░░░░░░░░]  46%
 212/453 [▓▓▓▓▓▓▓▓▓▓▓▓▓░░░░░░░░░░░░░░░]  46%
 215/453 [▓▓▓▓▓▓▓▓▓▓▓▓▓░░░░░░░░░░░░░░░]  47%
 218/453 [▓▓▓▓▓▓▓▓▓▓▓▓▓░░░░░░░░░░░░░░░]  48%
 221/453 [▓▓▓▓▓▓▓▓▓▓▓▓▓░░░░░░░░░░░░░░░]  48%
 224/453 [▓▓▓▓▓▓▓▓▓▓▓▓▓░░░░░░░░░░░░░░░]  49%
 227/453 [▓▓▓▓▓▓▓▓▓▓▓▓▓▓░░░░░░░░░░░░░░]  50%
 230/453 [▓▓▓▓▓▓▓▓▓▓▓▓▓▓░░░░░░░░░░░░░░]  50%
 233/453 [▓▓▓▓▓▓▓▓▓▓▓▓▓▓░░░░░░░░░░░░░░]  51%
 237/453 [▓▓▓▓▓▓▓▓▓▓▓▓▓▓░░░░░░░░░░░░░░]  52%
 240/453 [▓▓▓▓▓▓▓▓▓▓▓▓▓▓░░░░░░░░░░░░░░]  52%
 243/453 [▓▓▓▓▓▓▓▓▓▓▓▓▓▓▓░░░░░░░░░░░░░]  53%
 246/453 [▓▓▓▓▓▓▓▓▓▓▓▓▓▓▓░░░░░░░░░░░░░]  54%
 249/453 [▓▓▓▓▓▓▓▓▓▓▓▓▓▓▓░░░░░░░░░░░░░]  54%
 252/453 [▓▓▓▓▓▓▓▓▓▓▓▓▓▓▓░░░░░░░░░░░░░]  55%
 255/453 [▓▓▓▓▓▓▓▓▓▓▓▓▓▓▓░░░░░░░░░░░░░]  56%
 258/453 [▓▓▓▓▓▓▓▓▓▓▓▓▓▓▓░░░░░░░░░░░░░]  56%
 261/453 [▓▓▓▓▓▓▓▓▓▓▓▓▓▓▓▓░░░░░░░░░░░░]  57%
 264/453 [▓▓▓▓▓▓▓▓▓▓▓▓▓▓▓▓░░░░░░░░░░░░]  58%
 267/453 [▓▓▓▓▓▓▓▓▓▓▓▓▓▓▓▓░░░░░░░░░░░░]  58%
 270/453 [▓▓▓▓▓▓▓▓▓▓▓▓▓▓▓▓░░░░░░░░░░░░]  59%
 272/453 [▓▓▓▓▓▓▓▓▓▓▓▓▓▓▓▓░░░░░░░░░░░░]  60%
 275/453 [▓▓▓▓▓▓▓▓▓▓▓▓▓▓▓▓░░░░░░░░░░░░]  60%
 278/453 [▓▓▓▓▓▓▓▓▓▓▓▓▓▓▓▓▓░░░░░░░░░░░]  61%
 281/453 [▓▓▓▓▓▓▓▓▓▓▓▓▓▓▓▓▓░░░░░░░░░░░]  62%
 284/453 [▓▓▓▓▓▓▓▓▓▓▓▓▓▓▓▓▓░░░░░░░░░░░]  62%
 287/453 [▓▓▓▓▓▓▓▓▓▓▓▓▓▓▓▓▓░░░░░░░░░░░]  63%
 290/453 [▓▓▓▓▓▓▓▓▓▓▓▓▓▓▓▓▓░░░░░░░░░░░]  64%
 293/453 [▓▓▓▓▓▓▓▓▓▓▓▓▓▓▓▓▓▓░░░░░░░░░░]  64%
 296/453 [▓▓▓▓▓▓▓▓▓▓▓▓▓▓▓▓▓▓░░░░░░░░░░]  65%
 298/453 [▓▓▓▓▓▓▓▓▓▓▓▓▓▓▓▓▓▓░░░░░░░░░░]  65%
 301/453 [▓▓▓▓▓▓▓▓▓▓▓▓▓▓▓▓▓▓░░░░░░░░░░]  66%
 304/453 [▓▓▓▓▓▓▓▓▓▓▓▓▓▓▓▓▓▓░░░░░░░░░░]  67%
 307/453 [▓▓▓▓▓▓▓▓▓▓▓▓▓▓▓▓▓▓░░░░░░░░░░]  67%
 310/453 [▓▓▓▓▓▓▓▓▓▓▓▓▓▓▓▓▓▓▓░░░░░░░░░]  68%
 313/453 [▓▓▓▓▓▓▓▓▓▓▓▓▓▓▓▓▓▓▓░░░░░░░░░]  69%
 316/453 [▓▓▓▓▓▓▓▓▓▓▓▓▓▓▓▓▓▓▓░░░░░░░░░]  69%
 318/453 [▓▓▓▓▓▓▓▓▓▓▓▓▓▓▓▓▓▓▓░░░░░░░░░]  70%
 321/453 [▓▓▓▓▓▓▓▓▓▓▓▓▓▓▓▓▓▓▓░░░░░░░░░]  70%
 324/453 [▓▓▓▓▓▓▓▓▓▓▓▓▓▓▓▓▓▓▓▓░░░░░░░░]  71%
 327/453 [▓▓▓▓▓▓▓▓▓▓▓▓▓▓▓▓▓▓▓▓░░░░░░░░]  72%
 330/453 [▓▓▓▓▓▓▓▓▓▓▓▓▓▓▓▓▓▓▓▓░░░░░░░░]  72%
 333/453 [▓▓▓▓▓▓▓▓▓▓▓▓▓▓▓▓▓▓▓▓░░░░░░░░]  73%
 336/453 [▓▓▓▓▓▓▓▓▓▓▓▓▓▓▓▓▓▓▓▓░░░░░░░░]  74%
 339/453 [▓▓▓▓▓▓▓▓▓▓▓▓▓▓▓▓▓▓▓▓░░░░░░░░]  74%
 342/453 [▓▓▓▓▓▓▓▓▓▓▓▓▓▓▓▓▓▓▓▓▓░░░░░░░]  75%
 345/453 [▓▓▓▓▓▓▓▓▓▓▓▓▓▓▓▓▓▓▓▓▓░░░░░░░]  76%
 348/453 [▓▓▓▓▓▓▓▓▓▓▓▓▓▓▓▓▓▓▓▓▓░░░░░░░]  76%
 351/453 [▓▓▓▓▓▓▓▓▓▓▓▓▓▓▓▓▓▓▓▓▓░░░░░░░]  77%
 354/453 [▓▓▓▓▓▓▓▓▓▓▓▓▓▓▓▓▓▓▓▓▓░░░░░░░]  78%
 357/453 [▓▓▓▓▓▓▓▓▓▓▓▓▓▓▓▓▓▓▓▓▓▓░░░░░░]  78%
 360/453 [▓▓▓▓▓▓▓▓▓▓▓▓▓▓▓▓▓▓▓▓▓▓░░░░░░]  79%
 363/453 [▓▓▓▓▓▓▓▓▓▓▓▓▓▓▓▓▓▓▓▓▓▓░░░░░░]  80%
 366/453 [▓▓▓▓▓▓▓▓▓▓▓▓▓▓▓▓▓▓▓▓▓▓░░░░░░]  80%
 369/453 [▓▓▓▓▓▓▓▓▓▓▓▓▓▓▓▓▓▓▓▓▓▓░░░░░░]  81%
 373/453 [▓▓▓▓▓▓▓▓▓▓▓▓▓▓▓▓▓▓▓▓▓▓▓░░░░░]  82%
 376/453 [▓▓▓▓▓▓▓▓▓▓▓▓▓▓▓▓▓▓▓▓▓▓▓░░░░░]  83%
 379/453 [▓▓▓▓▓▓▓▓▓▓▓▓▓▓▓▓▓▓▓▓▓▓▓░░░░░]  83%
 382/453 [▓▓▓▓▓▓▓▓▓▓▓▓▓▓▓▓▓▓▓▓▓▓▓░░░░░]  84%
 384/453 [▓▓▓▓▓▓▓▓▓▓▓▓▓▓▓▓▓▓▓▓▓▓▓░░░░░]  84%
 387/453 [▓▓▓▓▓▓▓▓▓▓▓▓▓▓▓▓▓▓▓▓▓▓▓░░░░░]  85%
 390/453 [▓▓▓▓▓▓▓▓▓▓▓▓▓▓▓▓▓▓▓▓▓▓▓▓░░░░]  86%
 392/453 [▓▓▓▓▓▓▓▓▓▓▓▓▓▓▓▓▓▓▓▓▓▓▓▓░░░░]  86%
 395/453 [▓▓▓▓▓▓▓▓▓▓▓▓▓▓▓▓▓▓▓▓▓▓▓▓░░░░]  87%
 398/453 [▓▓▓▓▓▓▓▓▓▓▓▓▓▓▓▓▓▓▓▓▓▓▓▓░░░░]  87%
 401/453 [▓▓▓▓▓▓▓▓▓▓▓▓▓▓▓▓▓▓▓▓▓▓▓▓░░░░]  88%
 404/453 [▓▓▓▓▓▓▓▓▓▓▓▓▓▓▓▓▓▓▓▓▓▓▓▓░░░░]  89%
 407/453 [▓▓▓▓▓▓▓▓▓▓▓▓▓▓▓▓▓▓▓▓▓▓▓▓▓░░░]  89%
 408/453 [▓▓▓▓▓▓▓▓▓▓▓▓▓▓▓▓▓▓▓▓▓▓▓▓▓░░░]  90%
 411/453 [▓▓▓▓▓▓▓▓▓▓▓▓▓▓▓▓▓▓▓▓▓▓▓▓▓░░░]  90%
 414/453 [▓▓▓▓▓▓▓▓▓▓▓▓▓▓▓▓▓▓▓▓▓▓▓▓▓░░░]  91%
 417/453 [▓▓▓▓▓▓▓▓▓▓▓▓▓▓▓▓▓▓▓▓▓▓▓▓▓░░░]  92%
 420/453 [▓▓▓▓▓▓▓▓▓▓▓▓▓▓▓▓▓▓▓▓▓▓▓▓▓░░░]  92%
 423/453 [▓▓▓▓▓▓▓▓▓▓▓▓▓▓▓▓▓▓▓▓▓▓▓▓▓▓░░]  93%
 427/453 [▓▓▓▓▓▓▓▓▓▓▓▓▓▓▓▓▓▓▓▓▓▓▓▓▓▓░░]  94%
 430/453 [▓▓▓▓▓▓▓▓▓▓▓▓▓▓▓▓▓▓▓▓▓▓▓▓▓▓░░]  94%
 433/453 [▓▓▓▓▓▓▓▓▓▓▓▓▓▓▓▓▓▓▓▓▓▓▓▓▓▓░░]  95%
 437/453 [▓▓▓▓▓▓▓▓▓▓▓▓▓▓▓▓▓▓▓▓▓▓▓▓▓▓▓░]  96%
 440/453 [▓▓▓▓▓▓▓▓▓▓▓▓▓▓▓▓▓▓▓▓▓▓▓▓▓▓▓░]  97%
 443/453 [▓▓▓▓▓▓▓▓▓▓▓▓▓▓▓▓▓▓▓▓▓▓▓▓▓▓▓░]  97%
 446/453 [▓▓▓▓▓▓▓▓▓▓▓▓▓▓▓▓▓▓▓▓▓▓▓▓▓▓▓░]  98%
 449/453 [▓▓▓▓▓▓▓▓▓▓▓▓▓▓▓▓▓▓▓▓▓▓▓▓▓▓▓░]  99%
 452/453 [▓▓▓▓▓▓▓▓▓▓▓▓▓▓▓▓▓▓▓▓▓▓▓▓▓▓▓░]  99%
 453/453 [▓▓▓▓▓▓▓▓▓▓▓▓▓▓▓▓▓▓▓▓▓▓▓▓▓▓▓▓] 100%
🖊  Kanselyariya: 2 ta

 1/2 [▓▓▓▓▓▓▓▓▓▓▓▓▓▓░░░░░░░░░░░░░░]  50%
 2/2 [▓▓▓▓▓▓▓▓▓▓▓▓▓▓▓▓▓▓▓▓▓▓▓▓▓▓▓▓] 100%
✅ Vektorlar yangilandi!

   Illuminate\Database\QueryException 

  SQLSTATE[HY000] [2002] Connection refused (Connection: mysql, SQL: select * from `books` where `is_approved` = 1)

  at vendor/laravel/framework/src/Illuminate/Database/Connection.php:825
    821▕                     $this->getName(), $query, $this->prepareBindings($bindings), $e
    822▕                 );
    823▕             }
    824▕ 
  ➜ 825▕             throw new QueryException(
    826▕                 $this->getName(), $query, $this->prepareBindings($bindings), $e
    827▕             );
    828▕         }
    829▕     }

      [2m+22 vendor frames [22m

  23  app/Console/Commands/RebuildVectors.php:54
      Illuminate\Database\Eloquent\Builder::get()

  24  app/Console/Commands/RebuildVectors.php:35
      App\Console\Commands\RebuildVectors::rebuildBooks()

